Archive member included to satisfy reference by file (symbol)

C:/devkitPro/libctru/lib\libctru.a(console.o)
                              main.o (consoleInit)
C:/devkitPro/libctru/lib\libctru.a(gfx.o)
                              C:/devkitPro/libctru/lib\libctru.a(console.o) (gfxIsWide)
C:/devkitPro/libctru/lib\libctru.a(gspgpu.o)
                              C:/devkitPro/libctru/lib\libctru.a(gfx.o) (gspInit)
C:/devkitPro/libctru/lib\libctru.a(apt.o)
                              main.o (aptMainLoop)
C:/devkitPro/libctru/lib\libctru.a(hid.o)
                              main.o (hidScanInput)
C:/devkitPro/libctru/lib\libctru.a(ctru_init.o)
                              C:/devkitPro/libctru/lib\libctru.a(apt.o) (__system_retAddr)
C:/devkitPro/libctru/lib\libctru.a(initArgv.o)
                              C:/devkitPro/libctru/lib\libctru.a(ctru_init.o) (__system_initArgv)
C:/devkitPro/libctru/lib\libctru.a(svc.o)
                              C:/devkitPro/libctru/lib\libctru.a(apt.o) (svcSleepThread)
C:/devkitPro/libctru/lib\libctru.a(stack_adjust.o)
                              c:/devkitpro/devkitarm/bin/../lib/gcc/arm-none-eabi/11.1.0/../../../../arm-none-eabi/lib/armv6k/fpu/3dsx_crt0.o (initSystem)
C:/devkitPro/libctru/lib\libctru.a(default_font.bin.o)
                              C:/devkitPro/libctru/lib\libctru.a(console.o) (default_font_bin)
C:/devkitPro/libctru/lib\libctru.a(vram.o)
                              C:/devkitPro/libctru/lib\libctru.a(gfx.o) (vramAlloc)
C:/devkitPro/libctru/lib\libctru.a(linear.o)
                              C:/devkitPro/libctru/lib\libctru.a(gfx.o) (linearAlloc)
C:/devkitPro/libctru/lib\libctru.a(mem_pool.o)
                              C:/devkitPro/libctru/lib\libctru.a(vram.o) (MemPool::Allocate(MemChunk&, unsigned long, int))
C:/devkitPro/libctru/lib\libctru.a(synchronization.o)
                              C:/devkitPro/libctru/lib\libctru.a(ctru_init.o) (__sync_init)
C:/devkitPro/libctru/lib\libctru.a(os.o)
                              C:/devkitPro/libctru/lib\libctru.a(apt.o) (__ctru_speedup_config)
C:/devkitPro/libctru/lib\libctru.a(srv.o)
                              C:/devkitPro/libctru/lib\libctru.a(apt.o) (srvInit)
C:/devkitPro/libctru/lib\libctru.a(thread.o)
                              C:/devkitPro/libctru/lib\libctru.a(gspgpu.o) (threadCreate)
C:/devkitPro/libctru/lib\libctru.a(mappable.o)
                              C:/devkitPro/libctru/lib\libctru.a(gspgpu.o) (mappableAlloc)
C:/devkitPro/libctru/lib\libctru.a(irrst.o)
                              C:/devkitPro/libctru/lib\libctru.a(hid.o) (irrstInit)
C:/devkitPro/libctru/lib\libctru.a(srvpm.o)
                              C:/devkitPro/libctru/lib\libctru.a(srv.o) (srvPmGetSessionHandle)
C:/devkitPro/libctru/lib\libctru.a(ptmsysm.o)
                              C:/devkitPro/libctru/lib\libctru.a(os.o) (ptmSysmInit)
C:/devkitPro/libctru/lib\libctru.a(rbtree_init.o)
                              C:/devkitPro/libctru/lib\libctru.a(vram.o) (rbtree_init)
C:/devkitPro/libctru/lib\libctru.a(rbtree_insert.o)
                              C:/devkitPro/libctru/lib\libctru.a(vram.o) (rbtree_insert)
C:/devkitPro/libctru/lib\libctru.a(rbtree_rotate.o)
                              C:/devkitPro/libctru/lib\libctru.a(rbtree_insert.o) (rbtree_rotate)
C:/devkitPro/libctru/lib\libctru.a(rbtree_remove.o)
                              C:/devkitPro/libctru/lib\libctru.a(vram.o) (rbtree_remove)
C:/devkitPro/libctru/lib\libctru.a(rbtree_find.o)
                              C:/devkitPro/libctru/lib\libctru.a(vram.o) (rbtree_find)
C:/devkitPro/libctru/lib\libctru.a(appInit.o)
                              C:/devkitPro/libctru/lib\libctru.a(stack_adjust.o) (__appInit)
C:/devkitPro/libctru/lib\libctru.a(syscalls.o)
                              C:/devkitPro/libctru/lib\libctru.a(ctru_init.o) (__system_initSyscalls)
C:/devkitPro/libctru/lib\libctru.a(allocateHeaps.o)
                              C:/devkitPro/libctru/lib\libctru.a(ctru_init.o) (__system_allocateHeaps)
C:/devkitPro/libctru/lib\libctru.a(appExit.o)
                              C:/devkitPro/libctru/lib\libctru.a(stack_adjust.o) (__appExit)
C:/devkitPro/libctru/lib\libctru.a(ctru_exit.o)
                              C:/devkitPro/libctru/lib\libctru.a(stack_adjust.o) (__libctru_exit)
C:/devkitPro/libctru/lib\libctru.a(env.o)
                              C:/devkitPro/libctru/lib\libctru.a(srv.o) (envGetHandle)
C:/devkitPro/libctru/lib\libctru.a(archive_dev.o)
                              C:/devkitPro/libctru/lib\libctru.a(appInit.o) (archiveMountSdmc)
C:/devkitPro/libctru/lib\libctru.a(fs.o)
                              C:/devkitPro/libctru/lib\libctru.a(appInit.o) (fsInit)
C:/devkitPro/libctru/lib\libctru.a(rbtree_iterator.o)
                              C:/devkitPro/libctru/lib\libctru.a(rbtree_remove.o) (rbtree_node_next)
C:/devkitPro/libctru/lib\libctru.a(utf16_to_utf8.o)
[...]
Memory Configuration

Name             Origin             Length             Attributes
*default*        0x0000000000000000 0xffffffffffffffff

Linker script and memory map

                0x0000000000100000                PROVIDE (__start__ = 0x100000)
                0x0000000000100000                . = __start__

.text           0x0000000000100000    0x20f74
 *(.crt0)
 .crt0          0x0000000000100000       0x94 c:/devkitpro/devkitarm/bin/../lib/gcc/arm-none-eabi/11.1.0/../../../../arm-none-eabi/lib/armv6k/fpu/3dsx_crt0.o
                0x0000000000100000                _start
                0x0000000000100008                __service_ptr
                0x000000000010000c                __apt_appid
                0x0000000000100010                __heap_size
                0x0000000000100014                __linear_heap_size
                0x0000000000100018                __system_arglist
                0x000000000010001c                __system_runflags
 *(.init)
 .init          0x0000000000100094        0xc c:/devkitpro/devkitarm/bin/../lib/gcc/arm-none-eabi/11.1.0/armv6k/fpu/crti.o
                0x0000000000100094                _init
 .init          0x00000000001000a0        0xc c:/devkitpro/devkitarm/bin/../lib/gcc/arm-none-eabi/11.1.0/armv6k/fpu/crtn.o
                0x00000000001000ac                . = ALIGN (0x4)
 *(.text)
 .text          0x00000000001000ac      0x240 c:/devkitpro/devkitarm/bin/../lib/gcc/arm-none-eabi/11.1.0/armv6k/fpu\libgcc.a(_divsi3.o)
                0x00000000001000ac                __divsi3
                0x00000000001000ac                __aeabi_idiv
                0x00000000001002cc                __aeabi_idivmod
 .text          0x00000000001002ec        0x4 c:/devkitpro/devkitarm/bin/../lib/gcc/arm-none-eabi/11.1.0/armv6k/fpu\libgcc.a(_dvmd_tls.o)
                0x00000000001002ec                __aeabi_idiv0
                0x00000000001002ec                __aeabi_ldiv0
 .text          0x00000000001002f0       0xd4 c:/devkitpro/devkitarm/bin/../lib/gcc/arm-none-eabi/11.1.0/armv6k/fpu\libgcc.a(_aeabi_ldivmod.o)
                0x00000000001002f0                __aeabi_ldivmod
 .text          0x00000000001003c4       0x3c c:/devkitpro/devkitarm/bin/../lib/gcc/arm-none-eabi/11.1.0/armv6k/fpu\libgcc.a(_aeabi_uldivmod.o)
                0x00000000001003c4                __aeabi_uldivmod
 .text          0x0000000000100400      0x390 c:/devkitpro/devkitarm/bin/../lib/gcc/arm-none-eabi/11.1.0/../../../../arm-none-eabi/lib/armv6k/fpu\libg.a(lib_a-strcmp.o)
                0x0000000000100408                strcmp
 .text          0x0000000000100790      0x20c c:/devkitpro/devkitarm/bin/../lib/gcc/arm-none-eabi/11.1.0/armv6k/fpu\libgcc.a(_udivsi3.o)
                0x0000000000100790                __aeabi_uidiv
                0x0000000000100790                __udivsi3
                0x000000000010097c                __aeabi_uidivmod
 .text          0x000000000010099c      0x3c0 c:/devkitpro/devkitarm/bin/../lib/gcc/arm-none-eabi/11.1.0/armv6k/fpu\libgcc.a(_arm_addsubdf3.o)
                0x000000000010099c                __aeabi_drsub
                0x00000000001009a4                __aeabi_dsub
                0x00000000001009a4                __subdf3
                0x00000000001009a8                __aeabi_dadd
                0x00000000001009a8                __adddf3
                0x0000000000100c54                __floatunsidf
                0x0000000000100c54                __aeabi_ui2d
                0x0000000000100c78                __floatsidf
                0x0000000000100c78                __aeabi_i2d
                0x0000000000100ca0                __aeabi_f2d
                0x0000000000100ca0                __extendsfdf2
                0x0000000000100ce8                __floatundidf
                0x0000000000100ce8                __aeabi_ul2d
                0x0000000000100cfc                __floatdidf
                0x0000000000100cfc                __aeabi_l2d
 *(.text.*)
 .text.__do_global_dtors_aux
                0x0000000000100d5c       0x40 c:/devkitpro/devkitarm/bin/../lib/gcc/arm-none-eabi/11.1.0/armv6k/fpu/crtbegin.o
 .text.frame_dummy
                0x0000000000100d9c       0x2c c:/devkitpro/devkitarm/bin/../lib/gcc/arm-none-eabi/11.1.0/armv6k/fpu/crtbegin.o
 .text.startup  0x0000000000100dc8       0xb0 main.o
                0x0000000000100dc8                main
 .text.consoleDrawChar
                0x0000000000100e78      0x178 C:/devkitPro/libctru/lib\libctru.a(console.o)
                0x0000000000100e78                consoleDrawChar
 .text.consolePrintChar
                0x0000000000100ff0      0x124 C:/devkitPro/libctru/lib\libctru.a(console.o)
                0x0000000000100ff0                consolePrintChar
 .text.con_write
                0x0000000000101114      0xa00 C:/devkitPro/libctru/lib\libctru.a(console.o)
                0x0000000000101114                con_write
 .text.consoleInit
                0x0000000000101b14      0x168 C:/devkitPro/libctru/lib\libctru.a(console.o)
                0x0000000000101b14                consoleInit
 .text.newRow   0x0000000000101c7c       0xf4 C:/devkitPro/libctru/lib\libctru.a(console.o)
 .text.gfxPresentFramebuffer
                0x0000000000101d70       0xd0 C:/devkitPro/libctru/lib\libctru.a(gfx.o)
 .text.gfxIsWide
                0x0000000000101e40       0x1c C:/devkitPro/libctru/lib\libctru.a(gfx.o)
                0x0000000000101e40                gfxIsWide
 .text.gfxSetScreenFormat
                0x0000000000101e5c       0xec C:/devkitPro/libctru/lib\libctru.a(gfx.o)
                0x0000000000101e5c                gfxSetScreenFormat
 .text.gfxSetDoubleBuffering
                0x0000000000101f48       0x10 C:/devkitPro/libctru/lib\libctru.a(gfx.o)
                0x0000000000101f48                gfxSetDoubleBuffering
 .text.gfxInit  0x0000000000101f58      0x108 C:/devkitPro/libctru/lib\libctru.a(gfx.o)
                0x0000000000101f58                gfxInit
 .text.gfxInitDefault
                0x0000000000102060       0x10 C:/devkitPro/libctru/lib\libctru.a(gfx.o)
                0x0000000000102060                gfxInitDefault
 .text.gfxExit  0x0000000000102070       0xb4 C:/devkitPro/libctru/lib\libctru.a(gfx.o)
                0x0000000000102070                gfxExit
 .text.gfxGetFramebuffer
                0x0000000000102124       0xa0 C:/devkitPro/libctru/lib\libctru.a(gfx.o)
                0x0000000000102124                gfxGetFramebuffer
 .text.gfxFlushBuffers
                0x00000000001021c4      0x10c C:/devkitPro/libctru/lib\libctru.a(gfx.o)
                0x00000000001021c4                gfxFlushBuffers
 .text.gfxSwapBuffers
                0x00000000001022d0       0x50 C:/devkitPro/libctru/lib\libctru.a(gfx.o)
                0x00000000001022d0                gfxSwapBuffers
 .text.gfxSwapBuffersGpu
                0x0000000000102320       0x50 C:/devkitPro/libctru/lib\libctru.a(gfx.o)
                0x0000000000102320                gfxSwapBuffersGpu
 .text.gspHardwareInit
                0x0000000000102370      0xc58 C:/devkitPro/libctru/lib\libctru.a(gspgpu.o)
 .text.gspInit  0x0000000000102fc8      0x254 C:/devkitPro/libctru/lib\libctru.a(gspgpu.o)
                0x0000000000102fc8                gspInit
 .text.gspExit  0x000000000010321c       0xf0 C:/devkitPro/libctru/lib\libctru.a(gspgpu.o)
                0x000000000010321c                gspExit
 .text.gspHasGpuRight
                0x000000000010330c       0x10 C:/devkitPro/libctru/lib\libctru.a(gspgpu.o)
                0x000000000010330c                gspHasGpuRight
 .text.gspPresentBuffer
                0x000000000010331c       0x98 C:/devkitPro/libctru/lib\libctru.a(gspgpu.o)
                0x000000000010331c                gspPresentBuffer
 .text.gspWaitForEvent
                0x00000000001033b4       0x50 C:/devkitPro/libctru/lib\libctru.a(gspgpu.o)
                0x00000000001033b4                gspWaitForEvent
 .text.gxCmdQueueInterrupt
                0x0000000000103404        0x4 C:/devkitPro/libctru/lib\libctru.a(gspgpu.o)
                0x0000000000103404                gxCmdQueueInterrupt
 .text.gspEventThreadMain
                0x0000000000103408      0x160 C:/devkitPro/libctru/lib\libctru.a(gspgpu.o)
 .text.GSPGPU_FlushDataCache
                0x0000000000103568       0x50 C:/devkitPro/libctru/lib\libctru.a(gspgpu.o)
                0x0000000000103568                GSPGPU_FlushDataCache
 .text.GSPGPU_SetLcdForceBlack
                0x00000000001035b8       0x34 C:/devkitPro/libctru/lib\libctru.a(gspgpu.o)
                0x00000000001035b8                GSPGPU_SetLcdForceBlack
 .text.GSPGPU_AcquireRight
                0x00000000001035ec       0x68 C:/devkitPro/libctru/lib\libctru.a(gspgpu.o)
                0x00000000001035ec                GSPGPU_AcquireRight
 .text.GSPGPU_ReleaseRight
                0x0000000000103654       0x48 C:/devkitPro/libctru/lib\libctru.a(gspgpu.o)
                0x0000000000103654                GSPGPU_ReleaseRight
 .text.GSPGPU_ImportDisplayCaptureInfo
                0x000000000010369c       0x7c C:/devkitPro/libctru/lib\libctru.a(gspgpu.o)
                0x000000000010369c                GSPGPU_ImportDisplayCaptureInfo
 .text.GSPGPU_SaveVramSysArea
                0x0000000000103718       0x2c C:/devkitPro/libctru/lib\libctru.a(gspgpu.o)
                0x0000000000103718                GSPGPU_SaveVramSysArea
 .text.GSPGPU_RestoreVramSysArea
                0x0000000000103744       0x2c C:/devkitPro/libctru/lib\libctru.a(gspgpu.o)
                0x0000000000103744                GSPGPU_RestoreVramSysArea
 .text.aptConvertScreenForCapture
                0x0000000000103770      0x1b0 C:/devkitPro/libctru/lib\libctru.a(apt.o)
 .text.aptDspSleep
                0x0000000000103920        0x8 C:/devkitPro/libctru/lib\libctru.a(apt.o)
                0x0000000000103920                aptDspSleep
 .text.aptDspWakeup
                0x0000000000103928        0x4 C:/devkitPro/libctru/lib\libctru.a(apt.o)
                0x0000000000103928                aptDspWakeup
 .text.aptDspCancel
                0x000000000010392c        0x4 C:/devkitPro/libctru/lib\libctru.a(apt.o)
                0x000000000010392c                aptDspCancel
 .text.aptSendCommand
                0x0000000000103930      0x15c C:/devkitPro/libctru/lib\libctru.a(apt.o)
                0x0000000000103930                aptSendCommand
 .text.aptExitProcess
                0x0000000000103a8c       0x38 C:/devkitPro/libctru/lib\libctru.a(apt.o)
 .text.aptExit  0x0000000000103ac4      0x2f0 C:/devkitPro/libctru/lib\libctru.a(apt.o)
                0x0000000000103ac4                aptExit
 .text.aptHandleSleep
                0x0000000000103db4       0xd8 C:/devkitPro/libctru/lib\libctru.a(apt.o)
                0x0000000000103db4                aptHandleSleep
 .text.APT_SleepIfShellClosed
                0x0000000000103e8c       0x84 C:/devkitPro/libctru/lib\libctru.a(apt.o)
                0x0000000000103e8c                APT_SleepIfShellClosed
 .text.aptSetSleepAllowed
                0x0000000000103f10       0x84 C:/devkitPro/libctru/lib\libctru.a(apt.o)
                0x0000000000103f10                aptSetSleepAllowed
 .text.APT_UnlockTransition
                0x0000000000103f94       0x84 C:/devkitPro/libctru/lib\libctru.a(apt.o)
                0x0000000000103f94                APT_UnlockTransition
 .text.aptEventHandler
                0x0000000000104018      0x484 C:/devkitPro/libctru/lib\libctru.a(apt.o)
 .text.APT_ReceiveParameter
                0x000000000010449c       0xb0 C:/devkitPro/libctru/lib\libctru.a(apt.o)
                0x000000000010449c                APT_ReceiveParameter
 .text.aptReceiveParameter.constprop.0
                0x000000000010454c       0xb0 C:/devkitPro/libctru/lib\libctru.a(apt.o)
 *fill*         0x00000000001045fc        0x4 
 .text.aptScreenTransfer
                0x0000000000104600      0x2bc C:/devkitPro/libctru/lib\libctru.a(apt.o)
 .text.aptWaitForWakeUp.isra.0
                0x00000000001048bc      0x2d0 C:/devkitPro/libctru/lib\libctru.a(apt.o)
 .text.aptJumpToHomeMenu
                0x0000000000104b8c       0xf8 C:/devkitPro/libctru/lib\libctru.a(apt.o)
                0x0000000000104b8c                aptJumpToHomeMenu
 .text.aptMainLoop
                0x0000000000104c84       0x4c C:/devkitPro/libctru/lib\libctru.a(apt.o)
                0x0000000000104c84                aptMainLoop
 .text.aptInit  0x0000000000104cd0      0x234 C:/devkitPro/libctru/lib\libctru.a(apt.o)
                0x0000000000104cd0                aptInit
 .text.APT_CheckNew3DS
                0x0000000000104f04       0x7c C:/devkitPro/libctru/lib\libctru.a(apt.o)
                0x0000000000104f04                APT_CheckNew3DS
 .text.hidShouldUseIrrst
                0x0000000000104f80       0x24 C:/devkitPro/libctru/lib\libctru.a(hid.o)
                0x0000000000104f80                hidShouldUseIrrst
 .text.hidInit  0x0000000000104fa4      0x18c C:/devkitPro/libctru/lib\libctru.a(hid.o)
                0x0000000000104fa4                hidInit
 .text.hidExit  0x0000000000105130       0xe8 C:/devkitPro/libctru/lib\libctru.a(hid.o)
                0x0000000000105130                hidExit
 .text.hidScanInput
                0x0000000000105218      0x294 C:/devkitPro/libctru/lib\libctru.a(hid.o)
                0x0000000000105218                hidScanInput
 .text.hidKeysHeld
                0x00000000001054ac       0x10 C:/devkitPro/libctru/lib\libctru.a(hid.o)
                0x00000000001054ac                hidKeysHeld
 .text.hidKeysDown
                0x00000000001054bc       0x10 C:/devkitPro/libctru/lib\libctru.a(hid.o)
                0x00000000001054bc                hidKeysDown
 .text.hidTouchRead
                0x00000000001054cc       0x18 C:/devkitPro/libctru/lib\libctru.a(hid.o)
                0x00000000001054cc                hidTouchRead
 .text.__libctru_init
                0x00000000001054e4       0x38 C:/devkitPro/libctru/lib\libctru.a(ctru_init.o)
                0x00000000001054e4                __libctru_init
 .text.__system_initArgv
                0x000000000010551c       0xf0 C:/devkitPro/libctru/lib\libctru.a(initArgv.o)
                0x000000000010551c                __system_initArgv
 .text.svcControlMemory
                0x000000000010560c       0x20 C:/devkitPro/libctru/lib\libctru.a(svc.o)
                0x000000000010560c                svcControlMemory
 .text.svcQueryMemory
                0x000000000010562c       0x30 C:/devkitPro/libctru/lib\libctru.a(svc.o)
                0x000000000010562c                svcQueryMemory
 .text.svcExitProcess
                0x000000000010565c        0x8 C:/devkitPro/libctru/lib\libctru.a(svc.o)
                0x000000000010565c                svcExitProcess
 .text.svcCreateThread
                0x0000000000105664       0x20 C:/devkitPro/libctru/lib\libctru.a(svc.o)
                0x0000000000105664                svcCreateThread
 .text.svcExitThread
                0x0000000000105684        0x8 C:/devkitPro/libctru/lib\libctru.a(svc.o)
                0x0000000000105684                svcExitThread
 .text.svcSleepThread
                0x000000000010568c        0x8 C:/devkitPro/libctru/lib\libctru.a(svc.o)
                0x000000000010568c                svcSleepThread
 .text.svcReleaseMutex
                0x0000000000105694        0x8 C:/devkitPro/libctru/lib\libctru.a(svc.o)
                0x0000000000105694                svcReleaseMutex
 .text.svcCreateEvent
                0x000000000010569c       0x14 C:/devkitPro/libctru/lib\libctru.a(svc.o)
                0x000000000010569c                svcCreateEvent
 .text.svcSignalEvent
                0x00000000001056b0        0x8 C:/devkitPro/libctru/lib\libctru.a(svc.o)
                0x00000000001056b0                svcSignalEvent
 .text.svcClearEvent
                0x00000000001056b8        0x8 C:/devkitPro/libctru/lib\libctru.a(svc.o)
                0x00000000001056b8                svcClearEvent
 .text.svcMapMemoryBlock
                0x00000000001056c0        0x8 C:/devkitPro/libctru/lib\libctru.a(svc.o)
                0x00000000001056c0                svcMapMemoryBlock
 .text.svcUnmapMemoryBlock
                0x00000000001056c8        0x8 C:/devkitPro/libctru/lib\libctru.a(svc.o)
                0x00000000001056c8                svcUnmapMemoryBlock
 .text.svcCreateAddressArbiter
                0x00000000001056d0       0x14 C:/devkitPro/libctru/lib\libctru.a(svc.o)
                0x00000000001056d0                svcCreateAddressArbiter
 .text.svcArbitrateAddressNoTimeout
                0x00000000001056e4        0x8 C:/devkitPro/libctru/lib\libctru.a(svc.o)
                0x00000000001056e4                svcArbitrateAddressNoTimeout
 .text.svcCloseHandle
                0x00000000001056ec        0x8 C:/devkitPro/libctru/lib\libctru.a(svc.o)
                0x00000000001056ec                svcCloseHandle
 .text.svcWaitSynchronization
                0x00000000001056f4        0x8 C:/devkitPro/libctru/lib\libctru.a(svc.o)
                0x00000000001056f4                svcWaitSynchronization
 .text.svcWaitSynchronizationN
                0x00000000001056fc       0x28 C:/devkitPro/libctru/lib\libctru.a(svc.o)
                0x00000000001056fc                svcWaitSynchronizationN
 .text.svcDuplicateHandle
                0x0000000000105724       0x14 C:/devkitPro/libctru/lib\libctru.a(svc.o)
                0x0000000000105724                svcDuplicateHandle
 .text.svcGetSystemTick
                0x0000000000105738        0x8 C:/devkitPro/libctru/lib\libctru.a(svc.o)
                0x0000000000105738                svcGetSystemTick
 .text.svcConnectToPort
                0x0000000000105740       0x14 C:/devkitPro/libctru/lib\libctru.a(svc.o)
                0x0000000000105740                svcConnectToPort
 .text.svcSendSyncRequest
                0x0000000000105754        0x8 C:/devkitPro/libctru/lib\libctru.a(svc.o)
                0x0000000000105754                svcSendSyncRequest
 .text.svcGetResourceLimit
                0x000000000010575c       0x14 C:/devkitPro/libctru/lib\libctru.a(svc.o)
                0x000000000010575c                svcGetResourceLimit
 .text.svcGetResourceLimitLimitValues
                0x0000000000105770        0x8 C:/devkitPro/libctru/lib\libctru.a(svc.o)
                0x0000000000105770                svcGetResourceLimitLimitValues
 .text.svcGetResourceLimitCurrentValues
                0x0000000000105778        0x8 C:/devkitPro/libctru/lib\libctru.a(svc.o)
                0x0000000000105778                svcGetResourceLimitCurrentValues
 .text.svcBreak
                0x0000000000105780        0x8 C:/devkitPro/libctru/lib\libctru.a(svc.o)
                0x0000000000105780                svcBreak
 .text.initSystem
                0x0000000000105788       0x50 C:/devkitPro/libctru/lib\libctru.a(stack_adjust.o)
                0x0000000000105788                initSystem
 .text.__ctru_exit
                0x00000000001057d8       0x18 C:/devkitPro/libctru/lib\libctru.a(stack_adjust.o)
                0x00000000001057d8                __ctru_exit
 .text._ZL21addrMapNodeComparatorPK11rbtree_nodeS1_
                0x00000000001057f0       0x24 C:/devkitPro/libctru/lib\libctru.a(vram.o)
 .text._ZL21addrMapNodeDestructorP11rbtree_node
                0x0000000000105814        0x4 C:/devkitPro/libctru/lib\libctru.a(vram.o)
 .text.vramMemAlign
                0x0000000000105818      0x114 C:/devkitPro/libctru/lib\libctru.a(vram.o)
                0x0000000000105818                vramMemAlign
 .text.vramAlloc
                0x000000000010592c        0x8 C:/devkitPro/libctru/lib\libctru.a(vram.o)
                0x000000000010592c                vramAlloc
 .text.vramFree
                0x0000000000105934       0x5c C:/devkitPro/libctru/lib\libctru.a(vram.o)
                0x0000000000105934                vramFree
 .text._ZL21addrMapNodeComparatorPK11rbtree_nodeS1_
                0x0000000000105990       0x24 C:/devkitPro/libctru/lib\libctru.a(linear.o)
 .text._ZL21addrMapNodeDestructorP11rbtree_node
                0x00000000001059b4        0x4 C:/devkitPro/libctru/lib\libctru.a(linear.o)
 .text.linearMemAlign
                0x00000000001059b8      0x120 C:/devkitPro/libctru/lib\libctru.a(linear.o)
                0x00000000001059b8                linearMemAlign
 .text.linearAlloc
                0x0000000000105ad8        0x8 C:/devkitPro/libctru/lib\libctru.a(linear.o)
                0x0000000000105ad8                linearAlloc
 .text.linearFree
                0x0000000000105ae0       0x5c C:/devkitPro/libctru/lib\libctru.a(linear.o)
                0x0000000000105ae0                linearFree
 .text._ZN7MemPool13CoalesceRightEP8MemBlock
                0x0000000000105b3c       0x84 C:/devkitPro/libctru/lib\libctru.a(mem_pool.o)
                0x0000000000105b3c                MemPool::CoalesceRight(MemBlock*)
 .text._ZN7MemPool8AllocateER8MemChunkmi
                0x0000000000105bc0      0x170 C:/devkitPro/libctru/lib\libctru.a(mem_pool.o)
                0x0000000000105bc0                MemPool::Allocate(MemChunk&, unsigned long, int)
 .text._ZN7MemPool10DeallocateERK8MemChunk
                0x0000000000105d30       0xfc C:/devkitPro/libctru/lib\libctru.a(mem_pool.o)
                0x0000000000105d30                MemPool::Deallocate(MemChunk const&)
 .text.__sync_init
                0x0000000000105e2c        0xc C:/devkitPro/libctru/lib\libctru.a(synchronization.o)
                0x0000000000105e2c                __sync_init
 .text.__sync_fini
                0x0000000000105e38       0x18 C:/devkitPro/libctru/lib\libctru.a(synchronization.o)
                0x0000000000105e38                __sync_fini
 .text.syncArbitrateAddress
                0x0000000000105e50       0x2c C:/devkitPro/libctru/lib\libctru.a(synchronization.o)
                0x0000000000105e50                syncArbitrateAddress
 .text.LightLock_Init
                0x0000000000105e7c       0x1c C:/devkitPro/libctru/lib\libctru.a(synchronization.o)
                0x0000000000105e7c                LightLock_Init
 .text.LightLock_Lock
                0x0000000000105e98       0x94 C:/devkitPro/libctru/lib\libctru.a(synchronization.o)
                0x0000000000105e98                LightLock_Lock
 .text.LightLock_TryLock
                0x0000000000105f2c       0x44 C:/devkitPro/libctru/lib\libctru.a(synchronization.o)
                0x0000000000105f2c                LightLock_TryLock
 .text.LightLock_Unlock
                0x0000000000105f70       0x40 C:/devkitPro/libctru/lib\libctru.a(synchronization.o)
                0x0000000000105f70                LightLock_Unlock
 .text.RecursiveLock_Init
                0x0000000000105fb0       0x24 C:/devkitPro/libctru/lib\libctru.a(synchronization.o)
                0x0000000000105fb0                RecursiveLock_Init
 .text.RecursiveLock_Lock
                0x0000000000105fd4       0x30 C:/devkitPro/libctru/lib\libctru.a(synchronization.o)
                0x0000000000105fd4                RecursiveLock_Lock
 .text.RecursiveLock_TryLock
                0x0000000000106004       0x78 C:/devkitPro/libctru/lib\libctru.a(synchronization.o)
                0x0000000000106004                RecursiveLock_TryLock
 .text.RecursiveLock_Unlock
                0x000000000010607c       0x54 C:/devkitPro/libctru/lib\libctru.a(synchronization.o)
                0x000000000010607c                RecursiveLock_Unlock
 .text.LightEvent_Init
                0x00000000001060d0       0x40 C:/devkitPro/libctru/lib\libctru.a(synchronization.o)
                0x00000000001060d0                LightEvent_Init
 .text.LightEvent_Clear
                0x0000000000106110       0xa4 C:/devkitPro/libctru/lib\libctru.a(synchronization.o)
                0x0000000000106110                LightEvent_Clear
 .text.LightEvent_Signal
                0x00000000001061b4       0xc8 C:/devkitPro/libctru/lib\libctru.a(synchronization.o)
                0x00000000001061b4                LightEvent_Signal
 .text.LightEvent_TryWait
                0x000000000010627c       0x58 C:/devkitPro/libctru/lib\libctru.a(synchronization.o)
                0x000000000010627c                LightEvent_TryWait
 .text.LightEvent_Wait
                0x00000000001062d4       0xb0 C:/devkitPro/libctru/lib\libctru.a(synchronization.o)
                0x00000000001062d4                LightEvent_Wait
 .text.osGetTimeRef
                0x0000000000106384       0x54 C:/devkitPro/libctru/lib\libctru.a(os.o)
                0x0000000000106384                osGetTimeRef
 .text.osGetTime
                0x00000000001063d8       0xe4 C:/devkitPro/libctru/lib\libctru.a(os.o)
                0x00000000001063d8                osGetTime
 .text.__libctru_gtod
                0x00000000001064bc       0x74 C:/devkitPro/libctru/lib\libctru.a(os.o)
                0x00000000001064bc                __libctru_gtod
 .text.__ctru_speedup_config
                0x0000000000106530       0x34 C:/devkitPro/libctru/lib\libctru.a(os.o)
                0x0000000000106530                __ctru_speedup_config
 .text.srvInit  0x0000000000106564      0x124 C:/devkitPro/libctru/lib\libctru.a(srv.o)
                0x0000000000106564                srvInit
 .text.srvExit  0x0000000000106688       0x58 C:/devkitPro/libctru/lib\libctru.a(srv.o)
                0x0000000000106688                srvExit
 .text.srvGetServiceHandleDirect
                0x00000000001066e0       0x80 C:/devkitPro/libctru/lib\libctru.a(srv.o)
                0x00000000001066e0                srvGetServiceHandleDirect
 .text.srvGetServiceHandle
                0x0000000000106760       0x48 C:/devkitPro/libctru/lib\libctru.a(srv.o)
                0x0000000000106760                srvGetServiceHandle
 .text.srvPublishToSubscriber
                0x00000000001067a8       0x38 C:/devkitPro/libctru/lib\libctru.a(srv.o)
                0x00000000001067a8                srvPublishToSubscriber
 .text.threadCreate
                0x00000000001067e0      0x188 C:/devkitPro/libctru/lib\libctru.a(thread.o)
                0x00000000001067e0                threadCreate
 .text.threadFree
                0x0000000000106968       0x2c C:/devkitPro/libctru/lib\libctru.a(thread.o)
                0x0000000000106968                threadFree
 .text.threadJoin
                0x0000000000106994       0x24 C:/devkitPro/libctru/lib\libctru.a(thread.o)
                0x0000000000106994                threadJoin
 .text.threadGetCurrent
                0x00000000001069b8       0x30 C:/devkitPro/libctru/lib\libctru.a(thread.o)
                0x00000000001069b8                threadGetCurrent
 .text.threadExit
                0x00000000001069e8       0x40 C:/devkitPro/libctru/lib\libctru.a(thread.o)
                0x00000000001069e8                threadExit
 .text._thread_begin
                0x0000000000106a28       0x44 C:/devkitPro/libctru/lib\libctru.a(thread.o)
 .text.mappableFindAddressWithin
                0x0000000000106a6c       0x94 C:/devkitPro/libctru/lib\libctru.a(mappable.o)
 .text.mappableInit
                0x0000000000106b00       0x28 C:/devkitPro/libctru/lib\libctru.a(mappable.o)
                0x0000000000106b00                mappableInit
 .text.mappableAlloc
                0x0000000000106b28       0x80 C:/devkitPro/libctru/lib\libctru.a(mappable.o)
                0x0000000000106b28                mappableAlloc
 .text.mappableFree
                0x0000000000106ba8        0x4 C:/devkitPro/libctru/lib\libctru.a(mappable.o)
                0x0000000000106ba8                mappableFree
 .text.irrstInit
                0x0000000000106bac      0x160 C:/devkitPro/libctru/lib\libctru.a(irrst.o)
                0x0000000000106bac                irrstInit
 .text.irrstExit
                0x0000000000106d0c       0xcc C:/devkitPro/libctru/lib\libctru.a(irrst.o)
                0x0000000000106d0c                irrstExit
 .text.irrstScanInput
                0x0000000000106dd8       0xb0 C:/devkitPro/libctru/lib\libctru.a(irrst.o)
                0x0000000000106dd8                irrstScanInput
 .text.irrstKeysHeld
                0x0000000000106e88       0x24 C:/devkitPro/libctru/lib\libctru.a(irrst.o)
                0x0000000000106e88                irrstKeysHeld
 .text.srvPmGetSessionHandle
                0x0000000000106eac        0xc C:/devkitPro/libctru/lib\libctru.a(srvpm.o)
                0x0000000000106eac                srvPmGetSessionHandle
 .text.ptmSysmInit
                0x0000000000106eb8       0x74 C:/devkitPro/libctru/lib\libctru.a(ptmsysm.o)
                0x0000000000106eb8                ptmSysmInit
 .text.ptmSysmExit
                0x0000000000106f2c       0x3c C:/devkitPro/libctru/lib\libctru.a(ptmsysm.o)
                0x0000000000106f2c                ptmSysmExit
 .text.PTMSYSM_ConfigureNew3DSCPU
                0x0000000000106f68       0x34 C:/devkitPro/libctru/lib\libctru.a(ptmsysm.o)
                0x0000000000106f68                PTMSYSM_ConfigureNew3DSCPU
 .text.rbtree_init
                0x0000000000106f9c       0x10 C:/devkitPro/libctru/lib\libctru.a(rbtree_init.o)
                0x0000000000106f9c                rbtree_init
 .text.do_insert
                0x0000000000106fac      0x1a0 C:/devkitPro/libctru/lib\libctru.a(rbtree_insert.o)
 .text.rbtree_insert
                0x000000000010714c        0x8 C:/devkitPro/libctru/lib\libctru.a(rbtree_insert.o)
                0x000000000010714c                rbtree_insert
 .text.rbtree_rotate
                0x0000000000107154       0x90 C:/devkitPro/libctru/lib\libctru.a(rbtree_rotate.o)
                0x0000000000107154                rbtree_rotate
 .text.rbtree_remove
                0x00000000001071e4      0x338 C:/devkitPro/libctru/lib\libctru.a(rbtree_remove.o)
                0x00000000001071e4                rbtree_remove
 .text.rbtree_find
                0x000000000010751c       0x74 C:/devkitPro/libctru/lib\libctru.a(rbtree_find.o)
                0x000000000010751c                rbtree_find
 .text.__appInit
                0x0000000000107590       0x30 C:/devkitPro/libctru/lib\libctru.a(appInit.o)
                0x0000000000107590                __appInit
 .text.__libctru_nanosleep
                0x00000000001075c0       0x30 C:/devkitPro/libctru/lib\libctru.a(syscalls.o)
 .text.__libctru_get_reent
                0x00000000001075f0       0x30 C:/devkitPro/libctru/lib\libctru.a(syscalls.o)
 .text.__system_initSyscalls
                0x0000000000107620       0xf8 C:/devkitPro/libctru/lib\libctru.a(syscalls.o)
                0x0000000000107620                __system_initSyscalls
 .text.__system_allocateHeaps
                0x0000000000107718      0x1e0 C:/devkitPro/libctru/lib\libctru.a(allocateHeaps.o)
                0x0000000000107718                __system_allocateHeaps
 .text.__appExit
                0x00000000001078f8       0x30 C:/devkitPro/libctru/lib\libctru.a(appExit.o)
                0x00000000001078f8                __appExit
 .text.__libctru_exit
                0x0000000000107928       0x90 C:/devkitPro/libctru/lib\libctru.a(ctru_exit.o)
                0x0000000000107928                __libctru_exit
 .text.envGetHandle
                0x00000000001079b8       0x84 C:/devkitPro/libctru/lib\libctru.a(env.o)
                0x00000000001079b8                envGetHandle
 .text.envDestroyHandles
                0x0000000000107a3c       0x50 C:/devkitPro/libctru/lib\libctru.a(env.o)
                0x0000000000107a3c                envDestroyHandles
 .text.archive_link
                0x0000000000107a8c       0x14 C:/devkitPro/libctru/lib\libctru.a(archive_dev.o)
 .text.archive_dirreset
                0x0000000000107aa0       0x14 C:/devkitPro/libctru/lib\libctru.a(archive_dev.o)
 .text.archive_chmod
                0x0000000000107ab4       0x14 C:/devkitPro/libctru/lib\libctru.a(archive_dev.o)
 .text.error_cmp
                0x0000000000107ac8       0x24 C:/devkitPro/libctru/lib\libctru.a(archive_dev.o)
 .text.archive_translate_error
                0x0000000000107aec       0x50 C:/devkitPro/libctru/lib\libctru.a(archive_dev.o)
 .text.archive_seek
                0x0000000000107b3c       0xd4 C:/devkitPro/libctru/lib\libctru.a(archive_dev.o)
 .text._archiveInit.part.0
                0x0000000000107c10       0x7c C:/devkitPro/libctru/lib\libctru.a(archive_dev.o)
 .text.archiveFindDevice.part.0
                0x0000000000107c8c       0x8c C:/devkitPro/libctru/lib\libctru.a(archive_dev.o)
 .text.archive_utf16path
                0x0000000000107d18      0x294 C:/devkitPro/libctru/lib\libctru.a(archive_dev.o)
 .text._archiveUnmountDeviceStruct.part.0
                0x0000000000107fac       0xa0 C:/devkitPro/libctru/lib\libctru.a(archive_dev.o)
 .text.archive_fchmod
                0x000000000010804c       0x14 C:/devkitPro/libctru/lib\libctru.a(archive_dev.o)
 .text.archive_statvfs
                0x0000000000108060       0x14 C:/devkitPro/libctru/lib\libctru.a(archive_dev.o)
 .text._archiveMountDevice
                0x0000000000108074      0x158 C:/devkitPro/libctru/lib\libctru.a(archive_dev.o)
 .text.archive_diropen
                0x00000000001081cc       0xe8 C:/devkitPro/libctru/lib\libctru.a(archive_dev.o)
 .text.archive_fstat
                0x00000000001082b4       0xa4 C:/devkitPro/libctru/lib\libctru.a(archive_dev.o)
 .text.archive_close
                0x0000000000108358       0x6c C:/devkitPro/libctru/lib\libctru.a(archive_dev.o)
 .text.archive_fsync
                0x00000000001083c4       0x6c C:/devkitPro/libctru/lib\libctru.a(archive_dev.o)
 .text.archive_dirclose
                0x0000000000108430       0x70 C:/devkitPro/libctru/lib\libctru.a(archive_dev.o)
 .text.sdmc_statvfs
                0x00000000001084a0       0xe8 C:/devkitPro/libctru/lib\libctru.a(archive_dev.o)
 .text.archive_ftruncate
                0x0000000000108588       0x80 C:/devkitPro/libctru/lib\libctru.a(archive_dev.o)
 .text.archive_chdir
                0x0000000000108608       0xfc C:/devkitPro/libctru/lib\libctru.a(archive_dev.o)
 .text.archive_read
                0x0000000000108704       0xb0 C:/devkitPro/libctru/lib\libctru.a(archive_dev.o)
 .text.archive_unlink
                0x00000000001087b4       0xac C:/devkitPro/libctru/lib\libctru.a(archive_dev.o)
 .text.archive_rmdir
                0x0000000000108860       0xc8 C:/devkitPro/libctru/lib\libctru.a(archive_dev.o)
 .text.archive_mkdir
                0x0000000000108928       0xec C:/devkitPro/libctru/lib\libctru.a(archive_dev.o)
 .text.archive_stat
                0x0000000000108a14      0x1a8 C:/devkitPro/libctru/lib\libctru.a(archive_dev.o)
 .text.archive_rename
                0x0000000000108bbc      0x184 C:/devkitPro/libctru/lib\libctru.a(archive_dev.o)
 .text.archive_dirnext
                0x0000000000108d40      0x168 C:/devkitPro/libctru/lib\libctru.a(archive_dev.o)
 .text.archive_write
                0x0000000000108ea8      0x12c C:/devkitPro/libctru/lib\libctru.a(archive_dev.o)
 .text.archive_open
                0x0000000000108fd4      0x1f0 C:/devkitPro/libctru/lib\libctru.a(archive_dev.o)
 .text.archiveMountSdmc
                0x00000000001091c4      0x1a4 C:/devkitPro/libctru/lib\libctru.a(archive_dev.o)
                0x00000000001091c4                archiveMountSdmc
 .text.archiveUnmountAll
                0x0000000000109368       0x54 C:/devkitPro/libctru/lib\libctru.a(archive_dev.o)
                0x0000000000109368                archiveUnmountAll
 .text.fsInit   0x00000000001093bc       0xc8 C:/devkitPro/libctru/lib\libctru.a(fs.o)
                0x00000000001093bc                fsInit
 .text.fsExit   0x0000000000109484       0x3c C:/devkitPro/libctru/lib\libctru.a(fs.o)
                0x0000000000109484                fsExit
 .text.fsExemptFromSession
                0x00000000001094c0       0x60 C:/devkitPro/libctru/lib\libctru.a(fs.o)
                0x00000000001094c0                fsExemptFromSession
 .text.fsUnexemptFromSession
                0x0000000000109520       0x50 C:/devkitPro/libctru/lib\libctru.a(fs.o)
                0x0000000000109520                fsUnexemptFromSession
 .text.FSUSER_OpenFile
                0x0000000000109570       0xcc C:/devkitPro/libctru/lib\libctru.a(fs.o)
                0x0000000000109570                FSUSER_OpenFile
 .text.FSUSER_DeleteFile
                0x000000000010963c       0xbc C:/devkitPro/libctru/lib\libctru.a(fs.o)
                0x000000000010963c                FSUSER_DeleteFile
 .text.FSUSER_RenameFile
                0x00000000001096f8       0xf8 C:/devkitPro/libctru/lib\libctru.a(fs.o)
                0x00000000001096f8                FSUSER_RenameFile
 .text.FSUSER_DeleteDirectory
                0x00000000001097f0       0xbc C:/devkitPro/libctru/lib\libctru.a(fs.o)
                0x00000000001097f0                FSUSER_DeleteDirectory
 .text.FSUSER_CreateFile
                0x00000000001098ac       0xd4 C:/devkitPro/libctru/lib\libctru.a(fs.o)
                0x00000000001098ac                FSUSER_CreateFile
 .text.FSUSER_CreateDirectory
                0x0000000000109980       0xc4 C:/devkitPro/libctru/lib\libctru.a(fs.o)
                0x0000000000109980                FSUSER_CreateDirectory
 .text.FSUSER_RenameDirectory
                0x0000000000109a44       0xf8 C:/devkitPro/libctru/lib\libctru.a(fs.o)
                0x0000000000109a44                FSUSER_RenameDirectory
 .text.FSUSER_OpenDirectory
                0x0000000000109b3c       0xb4 C:/devkitPro/libctru/lib\libctru.a(fs.o)
                0x0000000000109b3c                FSUSER_OpenDirectory
 .text.FSUSER_OpenArchive
                0x0000000000109bf0       0x94 C:/devkitPro/libctru/lib\libctru.a(fs.o)
                0x0000000000109bf0                FSUSER_OpenArchive
 .text.FSUSER_CloseArchive
                0x0000000000109c84       0x8c C:/devkitPro/libctru/lib\libctru.a(fs.o)
                0x0000000000109c84                FSUSER_CloseArchive
 .text.FSUSER_GetSdmcArchiveResource
                0x0000000000109d10       0x74 C:/devkitPro/libctru/lib\libctru.a(fs.o)
                0x0000000000109d10                FSUSER_GetSdmcArchiveResource
 .text.FSUSER_IsSdmcWritable
                0x0000000000109d84       0x64 C:/devkitPro/libctru/lib\libctru.a(fs.o)
                0x0000000000109d84                FSUSER_IsSdmcWritable
 .text.FSFILE_Read
                0x0000000000109de8       0x58 C:/devkitPro/libctru/lib\libctru.a(fs.o)
                0x0000000000109de8                FSFILE_Read
 .text.FSFILE_Write
                0x0000000000109e40       0x60 C:/devkitPro/libctru/lib\libctru.a(fs.o)
                0x0000000000109e40                FSFILE_Write
 .text.FSFILE_GetSize
                0x0000000000109ea0       0x38 C:/devkitPro/libctru/lib\libctru.a(fs.o)
                0x0000000000109ea0                FSFILE_GetSize
 .text.FSFILE_SetSize
                0x0000000000109ed8       0x28 C:/devkitPro/libctru/lib\libctru.a(fs.o)
                0x0000000000109ed8                FSFILE_SetSize
 .text.FSFILE_Close
                0x0000000000109f00       0x3c C:/devkitPro/libctru/lib\libctru.a(fs.o)
                0x0000000000109f00                FSFILE_Close
 .text.FSFILE_Flush
                0x0000000000109f3c       0x24 C:/devkitPro/libctru/lib\libctru.a(fs.o)
                0x0000000000109f3c                FSFILE_Flush
 .text.FSDIR_Read
                0x0000000000109f60       0x50 C:/devkitPro/libctru/lib\libctru.a(fs.o)
                0x0000000000109f60                FSDIR_Read
 .text.FSDIR_Close
                0x0000000000109fb0       0x3c C:/devkitPro/libctru/lib\libctru.a(fs.o)
                0x0000000000109fb0                FSDIR_Close
 .text.rbtree_node_next
                0x0000000000109fec       0x50 C:/devkitPro/libctru/lib\libctru.a(rbtree_iterator.o)
                0x0000000000109fec                rbtree_node_next
 .text.utf16_to_utf8
                0x000000000010a03c       0xe8 C:/devkitPro/libctru/lib\libctru.a(utf16_to_utf8.o)
                0x000000000010a03c                utf16_to_utf8
 .text.decode_utf16
                0x000000000010a124       0x64 C:/devkitPro/libctru/lib\libctru.a(decode_utf16.o)
                0x000000000010a124                decode_utf16
 .text.decode_utf8
                0x000000000010a188      0x13c C:/devkitPro/libctru/lib\libctru.a(decode_utf8.o)
                0x000000000010a188                decode_utf8
 .text.utf8_to_utf16
                0x000000000010a2c4       0xc0 C:/devkitPro/libctru/lib\libctru.a(utf8_to_utf16.o)
                0x000000000010a2c4                utf8_to_utf16
 .text.__aeabi_read_tp
                0x000000000010a384        0xc C:/devkitPro/libctru/lib\libctru.a(readtp.o)
                0x000000000010a384                __aeabi_read_tp
 .text.encode_utf16
                0x000000000010a390       0x60 C:/devkitPro/libctru/lib\libctru.a(encode_utf16.o)
                0x000000000010a390                encode_utf16
 .text.encode_utf8
                0x000000000010a3f0       0xfc C:/devkitPro/libctru/lib\libctru.a(encode_utf8.o)
                0x000000000010a3f0                encode_utf8
 .text.__udivmoddi4
                0x000000000010a4ec      0x120 c:/devkitpro/devkitarm/bin/../lib/gcc/arm-none-eabi/11.1.0/armv6k/fpu\libgcc.a(_udivmoddi4.o)
                0x000000000010a4ec                __udivmoddi4
 .text.bsearch  0x000000000010a60c       0x78 c:/devkitpro/devkitarm/bin/../lib/gcc/arm-none-eabi/11.1.0/../../../../arm-none-eabi/lib/armv6k/fpu\libg.a(lib_a-bsearch.o)
                0x000000000010a60c                bsearch
 .text.__errno  0x000000000010a684        0xc c:/devkitpro/devkitarm/bin/../lib/gcc/arm-none-eabi/11.1.0/../../../../arm-none-eabi/lib/armv6k/fpu\libg.a(lib_a-errno.o)
                0x000000000010a684                __errno
 .text.exit     0x000000000010a690       0x34 c:/devkitpro/devkitarm/bin/../lib/gcc/arm-none-eabi/11.1.0/../../../../arm-none-eabi/lib/armv6k/fpu\libg.a(lib_a-exit.o)
                0x000000000010a690                exit
 .text.__libc_fini_array
                0x000000000010a6c4       0x3c c:/devkitpro/devkitarm/bin/../lib/gcc/arm-none-eabi/11.1.0/../../../../arm-none-eabi/lib/armv6k/fpu\libg.a(lib_a-fini.o)
                0x000000000010a6c4                __libc_fini_array
 .text.__libc_init_array
                0x000000000010a700       0x7c c:/devkitpro/devkitarm/bin/../lib/gcc/arm-none-eabi/11.1.0/../../../../arm-none-eabi/lib/armv6k/fpu\libg.a(lib_a-init.o)
                0x000000000010a700                __libc_init_array
 .text.memalign
                0x000000000010a77c       0x28 c:/devkitpro/devkitarm/bin/../lib/gcc/arm-none-eabi/11.1.0/../../../../arm-none-eabi/lib/armv6k/fpu\libg.a(lib_a-malign.o)
                0x000000000010a77c                memalign
 .text._memalign_r
                0x000000000010a7a4      0x150 c:/devkitpro/devkitarm/bin/../lib/gcc/arm-none-eabi/11.1.0/../../../../arm-none-eabi/lib/armv6k/fpu\libg.a(lib_a-malignr.o)
                0x000000000010a7a4                _memalign_r
 .text.malloc   0x000000000010a8f4       0x20 c:/devkitpro/devkitarm/bin/../lib/gcc/arm-none-eabi/11.1.0/../../../../arm-none-eabi/lib/armv6k/fpu\libg.a(lib_a-malloc.o)
                0x000000000010a8f4                malloc
 .text.free     0x000000000010a914       0x20 c:/devkitpro/devkitarm/bin/../lib/gcc/arm-none-eabi/11.1.0/../../../../arm-none-eabi/lib/armv6k/fpu\libg.a(lib_a-malloc.o)
                0x000000000010a914                free
 .text._malloc_r
                0x000000000010a934      0x7e0 c:/devkitpro/devkitarm/bin/../lib/gcc/arm-none-eabi/11.1.0/../../../../arm-none-eabi/lib/armv6k/fpu\libg.a(lib_a-mallocr.o)
                0x000000000010a934                _malloc_r
 .text.memchr   0x000000000010b114       0xe0 c:/devkitpro/devkitarm/bin/../lib/gcc/arm-none-eabi/11.1.0/../../../../arm-none-eabi/lib/armv6k/fpu\libg.a(lib_a-memchr-stub.o)
                0x000000000010b114                memchr
 .text.memcpy   0x000000000010b1f4      0x11c c:/devkitpro/devkitarm/bin/../lib/gcc/arm-none-eabi/11.1.0/../../../../arm-none-eabi/lib/armv6k/fpu\libg.a(lib_a-memcpy-stub.o)
                0x000000000010b1f4                memcpy
 .text.memset   0x000000000010b310      0x118 c:/devkitpro/devkitarm/bin/../lib/gcc/arm-none-eabi/11.1.0/../../../../arm-none-eabi/lib/armv6k/fpu\libg.a(lib_a-memset.o)
                0x000000000010b310                memset
 .text.__malloc_lock
                0x000000000010b428        0xc c:/devkitpro/devkitarm/bin/../lib/gcc/arm-none-eabi/11.1.0/../../../../arm-none-eabi/lib/armv6k/fpu\libg.a(lib_a-mlock.o)
                0x000000000010b428                __malloc_lock
 .text.__malloc_unlock
                0x000000000010b434        0xc c:/devkitpro/devkitarm/bin/../lib/gcc/arm-none-eabi/11.1.0/../../../../arm-none-eabi/lib/armv6k/fpu\libg.a(lib_a-mlock.o)
                0x000000000010b434                __malloc_unlock
 .text.printf   0x000000000010b440       0x34 c:/devkitpro/devkitarm/bin/../lib/gcc/arm-none-eabi/11.1.0/../../../../arm-none-eabi/lib/armv6k/fpu\libg.a(lib_a-printf.o)
                0x000000000010b440                printf
 .text.setvbuf  0x000000000010b474      0x260 c:/devkitpro/devkitarm/bin/../lib/gcc/arm-none-eabi/11.1.0/../../../../arm-none-eabi/lib/armv6k/fpu\libg.a(lib_a-setvbuf.o)
                0x000000000010b474                setvbuf
 .text.sscanf   0x000000000010b6d4       0x74 c:/devkitpro/devkitarm/bin/../lib/gcc/arm-none-eabi/11.1.0/../../../../arm-none-eabi/lib/armv6k/fpu\libg.a(lib_a-sscanf.o)
                0x000000000010b6d4                sscanf
 .text.__sread  0x000000000010b748       0x44 c:/devkitpro/devkitarm/bin/../lib/gcc/arm-none-eabi/11.1.0/../../../../arm-none-eabi/lib/armv6k/fpu\libg.a(lib_a-stdio.o)
                0x000000000010b748                __sread
 .text.__seofread
                0x000000000010b78c        0x8 c:/devkitpro/devkitarm/bin/../lib/gcc/arm-none-eabi/11.1.0/../../../../arm-none-eabi/lib/armv6k/fpu\libg.a(lib_a-stdio.o)
                0x000000000010b78c                __seofread
 .text.__swrite
                0x000000000010b794       0x68 c:/devkitpro/devkitarm/bin/../lib/gcc/arm-none-eabi/11.1.0/../../../../arm-none-eabi/lib/armv6k/fpu\libg.a(lib_a-stdio.o)
                0x000000000010b794                __swrite
 .text.__sseek  0x000000000010b7fc       0x48 c:/devkitpro/devkitarm/bin/../lib/gcc/arm-none-eabi/11.1.0/../../../../arm-none-eabi/lib/armv6k/fpu\libg.a(lib_a-stdio.o)
                0x000000000010b7fc                __sseek
 .text.__sclose
                0x000000000010b844        0x8 c:/devkitpro/devkitarm/bin/../lib/gcc/arm-none-eabi/11.1.0/../../../../arm-none-eabi/lib/armv6k/fpu\libg.a(lib_a-stdio.o)
                0x000000000010b844                __sclose
 .text.strlen   0x000000000010b84c       0x5c c:/devkitpro/devkitarm/bin/../lib/gcc/arm-none-eabi/11.1.0/../../../../arm-none-eabi/lib/armv6k/fpu\libg.a(lib_a-strlen-stub.o)
                0x000000000010b84c                strlen
 .text.strncat  0x000000000010b8a8       0xec c:/devkitpro/devkitarm/bin/../lib/gcc/arm-none-eabi/11.1.0/../../../../arm-none-eabi/lib/armv6k/fpu\libg.a(lib_a-strncat.o)
                0x000000000010b8a8                strncat
 .text.strncmp  0x000000000010b994       0xdc c:/devkitpro/devkitarm/bin/../lib/gcc/arm-none-eabi/11.1.0/../../../../arm-none-eabi/lib/armv6k/fpu\libg.a(lib_a-strncmp.o)
                0x000000000010b994                strncmp
 .text.strncpy  0x000000000010ba70       0xc0 c:/devkitpro/devkitarm/bin/../lib/gcc/arm-none-eabi/11.1.0/../../../../arm-none-eabi/lib/armv6k/fpu\libg.a(lib_a-strncpy.o)
                0x000000000010ba70                strncpy
 .text.strnlen  0x000000000010bb30       0x48 c:/devkitpro/devkitarm/bin/../lib/gcc/arm-none-eabi/11.1.0/../../../../arm-none-eabi/lib/armv6k/fpu\libg.a(lib_a-strnlen.o)
                0x000000000010bb30                strnlen
 .text.get_arg  0x000000000010bb78       0x50 c:/devkitpro/devkitarm/bin/../lib/gcc/arm-none-eabi/11.1.0/../../../../arm-none-eabi/lib/armv6k/fpu\libg.a(lib_a-svfscanf.o)
 .text.__ssvfscanf_r
                0x000000000010bbc8     0x2bbc c:/devkitpro/devkitarm/bin/../lib/gcc/arm-none-eabi/11.1.0/../../../../arm-none-eabi/lib/armv6k/fpu\libg.a(lib_a-svfscanf.o)
                0x000000000010bbc8                __ssvfscanf_r
 .text.get_arg  0x000000000010e784      0x628 c:/devkitpro/devkitarm/bin/../lib/gcc/arm-none-eabi/11.1.0/../../../../arm-none-eabi/lib/armv6k/fpu\libg.a(lib_a-vfiprintf.o)
 .text.__sprint_r
                0x000000000010edac       0x30 c:/devkitpro/devkitarm/bin/../lib/gcc/arm-none-eabi/11.1.0/../../../../arm-none-eabi/lib/armv6k/fpu\libg.a(lib_a-vfiprintf.o)
                0x000000000010edac                __sprint_r
 .text._vfiprintf_r
                0x000000000010eddc     0x233c c:/devkitpro/devkitarm/bin/../lib/gcc/arm-none-eabi/11.1.0/../../../../arm-none-eabi/lib/armv6k/fpu\libg.a(lib_a-vfiprintf.o)
                0x000000000010eddc                _vfiprintf_r
 .text.__sbprintf
                0x0000000000111118       0xd4 c:/devkitpro/devkitarm/bin/../lib/gcc/arm-none-eabi/11.1.0/../../../../arm-none-eabi/lib/armv6k/fpu\libg.a(lib_a-vfiprintf.o)
 .text.get_arg  0x00000000001111ec      0x628 c:/devkitpro/devkitarm/bin/../lib/gcc/arm-none-eabi/11.1.0/../../../../arm-none-eabi/lib/armv6k/fpu\libg.a(lib_a-vfprintf.o)
 *fill*         0x0000000000111814        0x4 
 .text._vfprintf_r
                0x0000000000111818     0x3684 c:/devkitpro/devkitarm/bin/../lib/gcc/arm-none-eabi/11.1.0/../../../../arm-none-eabi/lib/armv6k/fpu\libg.a(lib_a-vfprintf.o)
                0x0000000000111818                _vfprintf_r
 .text.__sbprintf
                0x0000000000114e9c       0xd4 c:/devkitpro/devkitarm/bin/../lib/gcc/arm-none-eabi/11.1.0/../../../../arm-none-eabi/lib/armv6k/fpu\libg.a(lib_a-vfprintf.o)
 .text._wcrtomb_r
                0x0000000000114f70       0x54 c:/devkitpro/devkitarm/bin/../lib/gcc/arm-none-eabi/11.1.0/../../../../arm-none-eabi/lib/armv6k/fpu\libg.a(lib_a-wcrtomb.o)
                0x0000000000114f70                _wcrtomb_r
 .text._wcsrtombs_r
                0x0000000000114fc4       0x28 c:/devkitpro/devkitarm/bin/../lib/gcc/arm-none-eabi/11.1.0/../../../../arm-none-eabi/lib/armv6k/fpu\libg.a(lib_a-wcsrtombs.o)
                0x0000000000114fc4                _wcsrtombs_r
 .text.__swsetup_r
                0x0000000000114fec      0x154 c:/devkitpro/devkitarm/bin/../lib/gcc/arm-none-eabi/11.1.0/../../../../arm-none-eabi/lib/armv6k/fpu\libg.a(lib_a-wsetup.o)
                0x0000000000114fec                __swsetup_r
 .text.__call_exitprocs
                0x0000000000115140      0x114 c:/devkitpro/devkitarm/bin/../lib/gcc/arm-none-eabi/11.1.0/../../../../arm-none-eabi/lib/armv6k/fpu\libg.a(lib_a-__call_atexit.o)
                0x0000000000115140                __call_exitprocs
 .text.quorem   0x0000000000115254      0x1ac c:/devkitpro/devkitarm/bin/../lib/gcc/arm-none-eabi/11.1.0/../../../../arm-none-eabi/lib/armv6k/fpu\libg.a(lib_a-dtoa.o)
 .text._dtoa_r  0x0000000000115400     0x12cc c:/devkitpro/devkitarm/bin/../lib/gcc/arm-none-eabi/11.1.0/../../../../arm-none-eabi/lib/armv6k/fpu\libg.a(lib_a-dtoa.o)
                0x0000000000115400                _dtoa_r
 .text.__sflush_r
                0x00000000001166cc      0x258 c:/devkitpro/devkitarm/bin/../lib/gcc/arm-none-eabi/11.1.0/../../../../arm-none-eabi/lib/armv6k/fpu\libg.a(lib_a-fflush.o)
                0x00000000001166cc                __sflush_r
 .text._fflush_r
                0x0000000000116924       0x94 c:/devkitpro/devkitarm/bin/../lib/gcc/arm-none-eabi/11.1.0/../../../../arm-none-eabi/lib/armv6k/fpu\libg.a(lib_a-fflush.o)
                0x0000000000116924                _fflush_r
 .text._cleanup_r
                0x00000000001169b8        0xc c:/devkitpro/devkitarm/bin/../lib/gcc/arm-none-eabi/11.1.0/../../../../arm-none-eabi/lib/armv6k/fpu\libg.a(lib_a-findfp.o)
                0x00000000001169b8                _cleanup_r
 .text.__sinit  0x00000000001169c4      0x184 c:/devkitpro/devkitarm/bin/../lib/gcc/arm-none-eabi/11.1.0/../../../../arm-none-eabi/lib/armv6k/fpu\libg.a(lib_a-findfp.o)
                0x00000000001169c4                __sinit
 .text.__sfp_lock_acquire
                0x0000000000116b48        0xc c:/devkitpro/devkitarm/bin/../lib/gcc/arm-none-eabi/11.1.0/../../../../arm-none-eabi/lib/armv6k/fpu\libg.a(lib_a-findfp.o)
                0x0000000000116b48                __sfp_lock_acquire
 .text.__sfp_lock_release
                0x0000000000116b54        0xc c:/devkitpro/devkitarm/bin/../lib/gcc/arm-none-eabi/11.1.0/../../../../arm-none-eabi/lib/armv6k/fpu\libg.a(lib_a-findfp.o)
                0x0000000000116b54                __sfp_lock_release
 .text._malloc_trim_r
                0x0000000000116b60       0xf8 c:/devkitpro/devkitarm/bin/../lib/gcc/arm-none-eabi/11.1.0/../../../../arm-none-eabi/lib/armv6k/fpu\libg.a(lib_a-freer.o)
                0x0000000000116b60                _malloc_trim_r
 .text._free_r  0x0000000000116c58      0x2e4 c:/devkitpro/devkitarm/bin/../lib/gcc/arm-none-eabi/11.1.0/../../../../arm-none-eabi/lib/armv6k/fpu\libg.a(lib_a-freer.o)
                0x0000000000116c58                _free_r
 .text.__sfvwrite_r
                0x0000000000116f3c      0x4c0 c:/devkitpro/devkitarm/bin/../lib/gcc/arm-none-eabi/11.1.0/../../../../arm-none-eabi/lib/armv6k/fpu\libg.a(lib_a-fvwrite.o)
                0x0000000000116f3c                __sfvwrite_r
 .text._fwalk_reent
                0x00000000001173fc       0x70 c:/devkitpro/devkitarm/bin/../lib/gcc/arm-none-eabi/11.1.0/../../../../arm-none-eabi/lib/armv6k/fpu\libg.a(lib_a-fwalk.o)
                0x00000000001173fc                _fwalk_reent
 .text.iswspace
                0x000000000011746c        0x8 c:/devkitpro/devkitarm/bin/../lib/gcc/arm-none-eabi/11.1.0/../../../../arm-none-eabi/lib/armv6k/fpu\libg.a(lib_a-iswspace.o)
                0x000000000011746c                iswspace
 .text._localeconv_r
                0x0000000000117474        0xc c:/devkitpro/devkitarm/bin/../lib/gcc/arm-none-eabi/11.1.0/../../../../arm-none-eabi/lib/armv6k/fpu\libg.a(lib_a-localeconv.o)
                0x0000000000117474                _localeconv_r
 .text.__locale_mb_cur_max
                0x0000000000117480       0x10 c:/devkitpro/devkitarm/bin/../lib/gcc/arm-none-eabi/11.1.0/../../../../arm-none-eabi/lib/armv6k/fpu\libg.a(lib_a-locale.o)
                0x0000000000117480                __locale_mb_cur_max
 .text.__smakebuf_r
                0x0000000000117490      0x138 c:/devkitpro/devkitarm/bin/../lib/gcc/arm-none-eabi/11.1.0/../../../../arm-none-eabi/lib/armv6k/fpu\libg.a(lib_a-makebuf.o)
                0x0000000000117490                __smakebuf_r
 .text.__swhatbuf_r
                0x00000000001175c8       0x8c c:/devkitpro/devkitarm/bin/../lib/gcc/arm-none-eabi/11.1.0/../../../../arm-none-eabi/lib/armv6k/fpu\libg.a(lib_a-makebuf.o)
                0x00000000001175c8                __swhatbuf_r
 .text._mbrtowc_r
                0x0000000000117654       0x68 c:/devkitpro/devkitarm/bin/../lib/gcc/arm-none-eabi/11.1.0/../../../../arm-none-eabi/lib/armv6k/fpu\libg.a(lib_a-mbrtowc.o)
                0x0000000000117654                _mbrtowc_r
 .text.__utf8_mbtowc
                0x00000000001176bc      0x2e4 c:/devkitpro/devkitarm/bin/../lib/gcc/arm-none-eabi/11.1.0/../../../../arm-none-eabi/lib/armv6k/fpu\libg.a(lib_a-mbtowc_r.o)
                0x00000000001176bc                __utf8_mbtowc
 .text.memmove  0x00000000001179a0      0x154 c:/devkitpro/devkitarm/bin/../lib/gcc/arm-none-eabi/11.1.0/../../../../arm-none-eabi/lib/armv6k/fpu\libg.a(lib_a-memmove.o)
                0x00000000001179a0                memmove
 .text._Balloc  0x0000000000117af4       0x88 c:/devkitpro/devkitarm/bin/../lib/gcc/arm-none-eabi/11.1.0/../../../../arm-none-eabi/lib/armv6k/fpu\libg.a(lib_a-mprec.o)
                0x0000000000117af4                _Balloc
 .text._Bfree   0x0000000000117b7c       0x1c c:/devkitpro/devkitarm/bin/../lib/gcc/arm-none-eabi/11.1.0/../../../../arm-none-eabi/lib/armv6k/fpu\libg.a(lib_a-mprec.o)
                0x0000000000117b7c                _Bfree
 .text.__multadd
                0x0000000000117b98       0xf4 c:/devkitpro/devkitarm/bin/../lib/gcc/arm-none-eabi/11.1.0/../../../../arm-none-eabi/lib/armv6k/fpu\libg.a(lib_a-mprec.o)
                0x0000000000117b98                __multadd
 .text.__s2b    0x0000000000117c8c      0x110 c:/devkitpro/devkitarm/bin/../lib/gcc/arm-none-eabi/11.1.0/../../../../arm-none-eabi/lib/armv6k/fpu\libg.a(lib_a-mprec.o)
                0x0000000000117c8c                __s2b
 .text.__hi0bits
                0x0000000000117d9c       0x58 c:/devkitpro/devkitarm/bin/../lib/gcc/arm-none-eabi/11.1.0/../../../../arm-none-eabi/lib/armv6k/fpu\libg.a(lib_a-mprec.o)
                0x0000000000117d9c                __hi0bits
 .text.__lo0bits
                0x0000000000117df4       0x94 c:/devkitpro/devkitarm/bin/../lib/gcc/arm-none-eabi/11.1.0/../../../../arm-none-eabi/lib/armv6k/fpu\libg.a(lib_a-mprec.o)
                0x0000000000117df4                __lo0bits
 .text.__i2b    0x0000000000117e88       0xa4 c:/devkitpro/devkitarm/bin/../lib/gcc/arm-none-eabi/11.1.0/../../../../arm-none-eabi/lib/armv6k/fpu\libg.a(lib_a-mprec.o)
                0x0000000000117e88                __i2b
 .text.__multiply
                0x0000000000117f2c      0x204 c:/devkitpro/devkitarm/bin/../lib/gcc/arm-none-eabi/11.1.0/../../../../arm-none-eabi/lib/armv6k/fpu\libg.a(lib_a-mprec.o)
                0x0000000000117f2c                __multiply
 .text.__pow5mult
                0x0000000000118130      0x120 c:/devkitpro/devkitarm/bin/../lib/gcc/arm-none-eabi/11.1.0/../../../../arm-none-eabi/lib/armv6k/fpu\libg.a(lib_a-mprec.o)
                0x0000000000118130                __pow5mult
 .text.__lshift
                0x0000000000118250      0x13c c:/devkitpro/devkitarm/bin/../lib/gcc/arm-none-eabi/11.1.0/../../../../arm-none-eabi/lib/armv6k/fpu\libg.a(lib_a-mprec.o)
                0x0000000000118250                __lshift
 .text.__mcmp   0x000000000011838c       0x58 c:/devkitpro/devkitarm/bin/../lib/gcc/arm-none-eabi/11.1.0/../../../../arm-none-eabi/lib/armv6k/fpu\libg.a(lib_a-mprec.o)
                0x000000000011838c                __mcmp
 .text.__mdiff  0x00000000001183e4      0x1cc c:/devkitpro/devkitarm/bin/../lib/gcc/arm-none-eabi/11.1.0/../../../../arm-none-eabi/lib/armv6k/fpu\libg.a(lib_a-mprec.o)
                0x00000000001183e4                __mdiff
 .text.__ulp    0x00000000001185b0       0x74 c:/devkitpro/devkitarm/bin/../lib/gcc/arm-none-eabi/11.1.0/../../../../arm-none-eabi/lib/armv6k/fpu\libg.a(lib_a-mprec.o)
                0x00000000001185b0                __ulp
 .text.__b2d    0x0000000000118624       0xd0 c:/devkitpro/devkitarm/bin/../lib/gcc/arm-none-eabi/11.1.0/../../../../arm-none-eabi/lib/armv6k/fpu\libg.a(lib_a-mprec.o)
                0x0000000000118624                __b2d
 .text.__d2b    0x00000000001186f4      0x124 c:/devkitpro/devkitarm/bin/../lib/gcc/arm-none-eabi/11.1.0/../../../../arm-none-eabi/lib/armv6k/fpu\libg.a(lib_a-mprec.o)
                0x00000000001186f4                __d2b
 .text.__ratio  0x0000000000118818       0x78 c:/devkitpro/devkitarm/bin/../lib/gcc/arm-none-eabi/11.1.0/../../../../arm-none-eabi/lib/armv6k/fpu\libg.a(lib_a-mprec.o)
                0x0000000000118818                __ratio
 .text.__copybits
                0x0000000000118890       0x88 c:/devkitpro/devkitarm/bin/../lib/gcc/arm-none-eabi/11.1.0/../../../../arm-none-eabi/lib/armv6k/fpu\libg.a(lib_a-mprec.o)
                0x0000000000118890                __copybits
 .text.__any_on
                0x0000000000118918       0x5c c:/devkitpro/devkitarm/bin/../lib/gcc/arm-none-eabi/11.1.0/../../../../arm-none-eabi/lib/armv6k/fpu\libg.a(lib_a-mprec.o)
                0x0000000000118918                __any_on
 .text.realloc  0x0000000000118974       0x28 c:/devkitpro/devkitarm/bin/../lib/gcc/arm-none-eabi/11.1.0/../../../../arm-none-eabi/lib/armv6k/fpu\libg.a(lib_a-realloc.o)
                0x0000000000118974                realloc
 .text._realloc_r
                0x000000000011899c      0x558 c:/devkitpro/devkitarm/bin/../lib/gcc/arm-none-eabi/11.1.0/../../../../arm-none-eabi/lib/armv6k/fpu\libg.a(lib_a-reallocr.o)
                0x000000000011899c                _realloc_r
 .text.__sccl   0x0000000000118ef4       0xe4 c:/devkitpro/devkitarm/bin/../lib/gcc/arm-none-eabi/11.1.0/../../../../arm-none-eabi/lib/armv6k/fpu\libg.a(lib_a-sccl.o)
                0x0000000000118ef4                __sccl
 .text.nanf     0x0000000000118fd8        0xc c:/devkitpro/devkitarm/bin/../lib/gcc/arm-none-eabi/11.1.0/../../../../arm-none-eabi/lib/armv6k/fpu\libg.a(lib_a-sf_nan.o)
                0x0000000000118fd8                nanf
 *fill*         0x0000000000118fe4        0x4 
 .text.frexp    0x0000000000118fe8       0xa8 c:/devkitpro/devkitarm/bin/../lib/gcc/arm-none-eabi/11.1.0/../../../../arm-none-eabi/lib/armv6k/fpu\libg.a(lib_a-s_frexp.o)
                0x0000000000118fe8                frexp
 .text.sprintf  0x0000000000119090       0x64 c:/devkitpro/devkitarm/bin/../lib/gcc/arm-none-eabi/11.1.0/../../../../arm-none-eabi/lib/armv6k/fpu\libg.a(lib_a-sprintf.o)
                0x0000000000119090                sprintf
 .text.stpncpy  0x00000000001190f4       0xb8 c:/devkitpro/devkitarm/bin/../lib/gcc/arm-none-eabi/11.1.0/../../../../arm-none-eabi/lib/armv6k/fpu\libg.a(lib_a-stpncpy.o)
                0x00000000001190f4                stpncpy
 .text.strchr   0x00000000001191ac      0x12c c:/devkitpro/devkitarm/bin/../lib/gcc/arm-none-eabi/11.1.0/../../../../arm-none-eabi/lib/armv6k/fpu\libg.a(lib_a-strchr.o)
                0x00000000001191ac                strchr
 .text._strtod_l
                0x00000000001192d8     0x1368 c:/devkitpro/devkitarm/bin/../lib/gcc/arm-none-eabi/11.1.0/../../../../arm-none-eabi/lib/armv6k/fpu\libg.a(lib_a-strtod.o)
                0x00000000001192d8                _strtod_l
 .text._strtod_r
                0x000000000011a640        0xc c:/devkitpro/devkitarm/bin/../lib/gcc/arm-none-eabi/11.1.0/../../../../arm-none-eabi/lib/armv6k/fpu\libg.a(lib_a-strtod.o)
                0x000000000011a640                _strtod_r
 .text._strtoll_l.constprop.0
                0x000000000011a64c      0x22c c:/devkitpro/devkitarm/bin/../lib/gcc/arm-none-eabi/11.1.0/../../../../arm-none-eabi/lib/armv6k/fpu\libg.a(lib_a-strtoll.o)
 .text._strtoll_r
                0x000000000011a878        0x4 c:/devkitpro/devkitarm/bin/../lib/gcc/arm-none-eabi/11.1.0/../../../../arm-none-eabi/lib/armv6k/fpu\libg.a(lib_a-strtoll.o)
                0x000000000011a878                _strtoll_r
 .text._strtol_l.part.0
                0x000000000011a87c      0x1a4 c:/devkitpro/devkitarm/bin/../lib/gcc/arm-none-eabi/11.1.0/../../../../arm-none-eabi/lib/armv6k/fpu\libg.a(lib_a-strtol.o)
 .text._strtol_r
                0x000000000011aa20       0x3c c:/devkitpro/devkitarm/bin/../lib/gcc/arm-none-eabi/11.1.0/../../../../arm-none-eabi/lib/armv6k/fpu\libg.a(lib_a-strtol.o)
                0x000000000011aa20                _strtol_r
 .text._strtoull_l.constprop.0
                0x000000000011aa5c      0x244 c:/devkitpro/devkitarm/bin/../lib/gcc/arm-none-eabi/11.1.0/../../../../arm-none-eabi/lib/armv6k/fpu\libg.a(lib_a-strtoull.o)
 .text._strtoull_r
                0x000000000011aca0        0x4 c:/devkitpro/devkitarm/bin/../lib/gcc/arm-none-eabi/11.1.0/../../../../arm-none-eabi/lib/armv6k/fpu\libg.a(lib_a-strtoull.o)
                0x000000000011aca0                _strtoull_r
 .text._strtoul_l.constprop.0
                0x000000000011aca4      0x1c4 c:/devkitpro/devkitarm/bin/../lib/gcc/arm-none-eabi/11.1.0/../../../../arm-none-eabi/lib/armv6k/fpu\libg.a(lib_a-strtoul.o)
 .text._strtoul_r
                0x000000000011ae68        0x4 c:/devkitpro/devkitarm/bin/../lib/gcc/arm-none-eabi/11.1.0/../../../../arm-none-eabi/lib/armv6k/fpu\libg.a(lib_a-strtoul.o)
                0x000000000011ae68                _strtoul_r
 .text.__ssprint_r
                0x000000000011ae6c      0x190 c:/devkitpro/devkitarm/bin/../lib/gcc/arm-none-eabi/11.1.0/../../../../arm-none-eabi/lib/armv6k/fpu\libg.a(lib_a-svfiprintf.o)
                0x000000000011ae6c                __ssprint_r
 .text._sungetc_r
                0x000000000011affc       0xe0 c:/devkitpro/devkitarm/bin/../lib/gcc/arm-none-eabi/11.1.0/../../../../arm-none-eabi/lib/armv6k/fpu\libg.a(lib_a-svfiscanf.o)
                0x000000000011affc                _sungetc_r
 .text.__ssrefill_r
                0x000000000011b0dc       0x6c c:/devkitpro/devkitarm/bin/../lib/gcc/arm-none-eabi/11.1.0/../../../../arm-none-eabi/lib/armv6k/fpu\libg.a(lib_a-svfiscanf.o)
                0x000000000011b0dc                __ssrefill_r
 .text._sfread_r
                0x000000000011b148       0xc8 c:/devkitpro/devkitarm/bin/../lib/gcc/arm-none-eabi/11.1.0/../../../../arm-none-eabi/lib/armv6k/fpu\libg.a(lib_a-svfiscanf.o)
                0x000000000011b148                _sfread_r
 .text.get_arg  0x000000000011b210      0x628 c:/devkitpro/devkitarm/bin/../lib/gcc/arm-none-eabi/11.1.0/../../../../arm-none-eabi/lib/armv6k/fpu\libg.a(lib_a-svfprintf.o)
 .text._svfprintf_r
                0x000000000011b838     0x35b8 c:/devkitpro/devkitarm/bin/../lib/gcc/arm-none-eabi/11.1.0/../../../../arm-none-eabi/lib/armv6k/fpu\libg.a(lib_a-svfprintf.o)
                0x000000000011b838                _svfprintf_r
 .text.__submore
                0x000000000011edf0       0xa8 c:/devkitpro/devkitarm/bin/../lib/gcc/arm-none-eabi/11.1.0/../../../../arm-none-eabi/lib/armv6k/fpu\libg.a(lib_a-ungetc.o)
                0x000000000011edf0                __submore
 .text._wcsnrtombs_l
                0x000000000011ee98      0x190 c:/devkitpro/devkitarm/bin/../lib/gcc/arm-none-eabi/11.1.0/../../../../arm-none-eabi/lib/armv6k/fpu\libg.a(lib_a-wcsnrtombs.o)
                0x000000000011ee98                _wcsnrtombs_l
 .text._wcsnrtombs_r
                0x000000000011f028       0x4c c:/devkitpro/devkitarm/bin/../lib/gcc/arm-none-eabi/11.1.0/../../../../arm-none-eabi/lib/armv6k/fpu\libg.a(lib_a-wcsnrtombs.o)
                0x000000000011f028                _wcsnrtombs_r
 .text.__utf8_wctomb
                0x000000000011f074       0xf0 c:/devkitpro/devkitarm/bin/../lib/gcc/arm-none-eabi/11.1.0/../../../../arm-none-eabi/lib/armv6k/fpu\libg.a(lib_a-wctomb_r.o)
                0x000000000011f074                __utf8_wctomb
 .text.__assert_func
                0x000000000011f164       0x54 c:/devkitpro/devkitarm/bin/../lib/gcc/arm-none-eabi/11.1.0/../../../../arm-none-eabi/lib/armv6k/fpu\libg.a(lib_a-assert.o)
                0x000000000011f164                __assert_func
 .text._calloc_r
                0x000000000011f1b8       0xbc c:/devkitpro/devkitarm/bin/../lib/gcc/arm-none-eabi/11.1.0/../../../../arm-none-eabi/lib/armv6k/fpu\libg.a(lib_a-callocr.o)
                0x000000000011f1b8                _calloc_r
 .text._fclose_r
                0x000000000011f274      0x160 c:/devkitpro/devkitarm/bin/../lib/gcc/arm-none-eabi/11.1.0/../../../../arm-none-eabi/lib/armv6k/fpu\libg.a(lib_a-fclose.o)
                0x000000000011f274                _fclose_r
 .text.fiprintf
                0x000000000011f3d4       0x3c c:/devkitpro/devkitarm/bin/../lib/gcc/arm-none-eabi/11.1.0/../../../../arm-none-eabi/lib/armv6k/fpu\libg.a(lib_a-fiprintf.o)
                0x000000000011f3d4                fiprintf
 .text.rshift   0x000000000011f410       0xec c:/devkitpro/devkitarm/bin/../lib/gcc/arm-none-eabi/11.1.0/../../../../arm-none-eabi/lib/armv6k/fpu\libg.a(lib_a-gdtoa-gethex.o)
 .text.__gethex
                0x000000000011f4fc      0x904 c:/devkitpro/devkitarm/bin/../lib/gcc/arm-none-eabi/11.1.0/../../../../arm-none-eabi/lib/armv6k/fpu\libg.a(lib_a-gdtoa-gethex.o)
                0x000000000011f4fc                __gethex
 .text.__match  0x000000000011fe00       0x4c c:/devkitpro/devkitarm/bin/../lib/gcc/arm-none-eabi/11.1.0/../../../../arm-none-eabi/lib/armv6k/fpu\libg.a(lib_a-gdtoa-hexnan.o)
                0x000000000011fe00                __match
 .text.__hexnan
                0x000000000011fe4c      0x29c c:/devkitpro/devkitarm/bin/../lib/gcc/arm-none-eabi/11.1.0/../../../../arm-none-eabi/lib/armv6k/fpu\libg.a(lib_a-gdtoa-hexnan.o)
                0x000000000011fe4c                __hexnan
 .text.iswspace_l
                0x00000000001200e8       0x3c c:/devkitpro/devkitarm/bin/../lib/gcc/arm-none-eabi/11.1.0/../../../../arm-none-eabi/lib/armv6k/fpu\libg.a(lib_a-iswspace_l.o)
                0x00000000001200e8                iswspace_l
 .text.__jp2uc  0x0000000000120124      0x1d4 c:/devkitpro/devkitarm/bin/../lib/gcc/arm-none-eabi/11.1.0/../../../../arm-none-eabi/lib/armv6k/fpu\libg.a(lib_a-jp2uc.o)
 .text._jp2uc_l
                0x00000000001202f8       0x9c c:/devkitpro/devkitarm/bin/../lib/gcc/arm-none-eabi/11.1.0/../../../../arm-none-eabi/lib/armv6k/fpu\libg.a(lib_a-jp2uc.o)
                0x00000000001202f8                _jp2uc_l
 *fill*         0x0000000000120394        0x4 
 .text.nan      0x0000000000120398       0x10 c:/devkitpro/devkitarm/bin/../lib/gcc/arm-none-eabi/11.1.0/../../../../arm-none-eabi/lib/armv6k/fpu\libg.a(lib_a-s_nan.o)
                0x0000000000120398                nan
 .text.abort    0x00000000001203a8       0x14 c:/devkitpro/devkitarm/bin/../lib/gcc/arm-none-eabi/11.1.0/../../../../arm-none-eabi/lib/armv6k/fpu\libg.a(lib_a-abort.o)
                0x00000000001203a8                abort
 .text.category
                0x00000000001203bc       0x84 c:/devkitpro/devkitarm/bin/../lib/gcc/arm-none-eabi/11.1.0/../../../../arm-none-eabi/lib/armv6k/fpu\libg.a(lib_a-categories.o)
                0x00000000001203bc                category
 .text._raise_r
                0x0000000000120440       0x98 c:/devkitpro/devkitarm/bin/../lib/gcc/arm-none-eabi/11.1.0/../../../../arm-none-eabi/lib/armv6k/fpu\libg.a(lib_a-signal.o)
                0x0000000000120440                _raise_r
 .text.raise    0x00000000001204d8       0x20 c:/devkitpro/devkitarm/bin/../lib/gcc/arm-none-eabi/11.1.0/../../../../arm-none-eabi/lib/armv6k/fpu\libg.a(lib_a-signal.o)
                0x00000000001204d8                raise
 .text.null_write
                0x00000000001204f8        0x8 c:/devkitpro/devkitarm/bin/../lib/gcc/arm-none-eabi/11.1.0/../../../../arm-none-eabi/lib/armv6k/fpu\libsysbase.a(iosupport.o)
 .text.setDefaultDevice
                0x0000000000120500       0x18 c:/devkitpro/devkitarm/bin/../lib/gcc/arm-none-eabi/11.1.0/../../../../arm-none-eabi/lib/armv6k/fpu\libsysbase.a(iosupport.o)
                0x0000000000120500                setDefaultDevice
 .text.FindDevice
                0x0000000000120518       0xc8 c:/devkitpro/devkitarm/bin/../lib/gcc/arm-none-eabi/11.1.0/../../../../arm-none-eabi/lib/armv6k/fpu\libsysbase.a(iosupport.o)
                0x0000000000120518                FindDevice
 .text.RemoveDevice
                0x00000000001205e0       0x28 c:/devkitpro/devkitarm/bin/../lib/gcc/arm-none-eabi/11.1.0/../../../../arm-none-eabi/lib/armv6k/fpu\libsysbase.a(iosupport.o)
                0x00000000001205e0                RemoveDevice
 .text.AddDevice
                0x0000000000120608       0x9c c:/devkitpro/devkitarm/bin/../lib/gcc/arm-none-eabi/11.1.0/../../../../arm-none-eabi/lib/armv6k/fpu\libsysbase.a(iosupport.o)
                0x0000000000120608                AddDevice
 .text.GetDeviceOpTab
                0x00000000001206a4       0x20 c:/devkitpro/devkitarm/bin/../lib/gcc/arm-none-eabi/11.1.0/../../../../arm-none-eabi/lib/armv6k/fpu\libsysbase.a(iosupport.o)
                0x00000000001206a4                GetDeviceOpTab
 .text._fstat_r
                0x00000000001206c4       0x78 c:/devkitpro/devkitarm/bin/../lib/gcc/arm-none-eabi/11.1.0/../../../../arm-none-eabi/lib/armv6k/fpu\libsysbase.a(fstat.o)
                0x00000000001206c4                _fstat_r
 .text._getpid_r
                0x000000000012073c       0x14 c:/devkitpro/devkitarm/bin/../lib/gcc/arm-none-eabi/11.1.0/../../../../arm-none-eabi/lib/armv6k/fpu\libsysbase.a(getpid.o)
                0x000000000012073c                _getpid_r
 .text._isatty_r
                0x0000000000120750        0x8 c:/devkitpro/devkitarm/bin/../lib/gcc/arm-none-eabi/11.1.0/../../../../arm-none-eabi/lib/armv6k/fpu\libsysbase.a(isatty.o)
                0x0000000000120750                _isatty_r
 .text._kill_r  0x0000000000120758       0x14 c:/devkitpro/devkitarm/bin/../lib/gcc/arm-none-eabi/11.1.0/../../../../arm-none-eabi/lib/armv6k/fpu\libsysbase.a(kill.o)
                0x0000000000120758                _kill_r
 .text._lseek_r
                0x000000000012076c       0x84 c:/devkitpro/devkitarm/bin/../lib/gcc/arm-none-eabi/11.1.0/../../../../arm-none-eabi/lib/armv6k/fpu\libsysbase.a(lseek.o)
                0x000000000012076c                _lseek_r
 .text._read_r  0x00000000001207f0       0x80 c:/devkitpro/devkitarm/bin/../lib/gcc/arm-none-eabi/11.1.0/../../../../arm-none-eabi/lib/armv6k/fpu\libsysbase.a(read.o)
                0x00000000001207f0                _read_r
 .text._sbrk_r  0x0000000000120870       0x78 c:/devkitpro/devkitarm/bin/../lib/gcc/arm-none-eabi/11.1.0/../../../../arm-none-eabi/lib/armv6k/fpu\libsysbase.a(sbrk.o)
                0x0000000000120870                _sbrk_r
 .text._write_r
                0x00000000001208e8       0x80 c:/devkitpro/devkitarm/bin/../lib/gcc/arm-none-eabi/11.1.0/../../../../arm-none-eabi/lib/armv6k/fpu\libsysbase.a(write.o)
                0x00000000001208e8                _write_r
 .text._exit    0x0000000000120968       0x24 c:/devkitpro/devkitarm/bin/../lib/gcc/arm-none-eabi/11.1.0/../../../../arm-none-eabi/lib/armv6k/fpu\libsysbase.a(_exit.o)
                0x0000000000120968                _exit
 .text._concatenate_path
                0x000000000012098c      0x1b8 c:/devkitpro/devkitarm/bin/../lib/gcc/arm-none-eabi/11.1.0/../../../../arm-none-eabi/lib/armv6k/fpu\libsysbase.a(chdir.o)
                0x000000000012098c                _concatenate_path
 .text.chdir    0x0000000000120b44      0x160 c:/devkitpro/devkitarm/bin/../lib/gcc/arm-none-eabi/11.1.0/../../../../arm-none-eabi/lib/armv6k/fpu\libsysbase.a(chdir.o)
                0x0000000000120b44                chdir
 .text.__flockfile
                0x0000000000120ca4        0x8 c:/devkitpro/devkitarm/bin/../lib/gcc/arm-none-eabi/11.1.0/../../../../arm-none-eabi/lib/armv6k/fpu\libsysbase.a(flock.o)
                0x0000000000120ca4                __flockfile
 .text.__funlockfile
                0x0000000000120cac        0x8 c:/devkitpro/devkitarm/bin/../lib/gcc/arm-none-eabi/11.1.0/../../../../arm-none-eabi/lib/armv6k/fpu\libsysbase.a(flock.o)
                0x0000000000120cac                __funlockfile
 .text.__libc_lock_acquire
                0x0000000000120cb4       0x18 c:/devkitpro/devkitarm/bin/../lib/gcc/arm-none-eabi/11.1.0/../../../../arm-none-eabi/lib/armv6k/fpu\libsysbase.a(syscall_support.o)
                0x0000000000120cb4                __libc_lock_acquire
 .text.__libc_lock_release
                0x0000000000120ccc       0x18 c:/devkitpro/devkitarm/bin/../lib/gcc/arm-none-eabi/11.1.0/../../../../arm-none-eabi/lib/armv6k/fpu\libsysbase.a(syscall_support.o)
                0x0000000000120ccc                __libc_lock_release
 .text.__libc_lock_init_recursive
                0x0000000000120ce4       0x18 c:/devkitpro/devkitarm/bin/../lib/gcc/arm-none-eabi/11.1.0/../../../../arm-none-eabi/lib/armv6k/fpu\libsysbase.a(syscall_support.o)
                0x0000000000120ce4                __libc_lock_init_recursive
 .text.__libc_lock_acquire_recursive
                0x0000000000120cfc       0x18 c:/devkitpro/devkitarm/bin/../lib/gcc/arm-none-eabi/11.1.0/../../../../arm-none-eabi/lib/armv6k/fpu\libsysbase.a(syscall_support.o)
                0x0000000000120cfc                __libc_lock_acquire_recursive
 .text.__libc_lock_release_recursive
                0x0000000000120d14       0x18 c:/devkitpro/devkitarm/bin/../lib/gcc/arm-none-eabi/11.1.0/../../../../arm-none-eabi/lib/armv6k/fpu\libsysbase.a(syscall_support.o)
                0x0000000000120d14                __libc_lock_release_recursive
 .text.__libc_lock_close_recursive
                0x0000000000120d2c       0x18 c:/devkitpro/devkitarm/bin/../lib/gcc/arm-none-eabi/11.1.0/../../../../arm-none-eabi/lib/armv6k/fpu\libsysbase.a(syscall_support.o)
                0x0000000000120d2c                __libc_lock_close_recursive
 .text.__get_handle
                0x0000000000120d44       0x3c c:/devkitpro/devkitarm/bin/../lib/gcc/arm-none-eabi/11.1.0/../../../../arm-none-eabi/lib/armv6k/fpu\libsysbase.a(handle_manager.o)
                0x0000000000120d44                __get_handle
 .text._close_r
                0x0000000000120d80       0xf4 c:/devkitpro/devkitarm/bin/../lib/gcc/arm-none-eabi/11.1.0/../../../../arm-none-eabi/lib/armv6k/fpu\libsysbase.a(handle_manager.o)
                0x0000000000120d80                _close_r
 .text.__getreent
                0x0000000000120e74       0x28 c:/devkitpro/devkitarm/bin/../lib/gcc/arm-none-eabi/11.1.0/../../../../arm-none-eabi/lib/armv6k/fpu\libsysbase.a(getreent.o)
                0x0000000000120e74                __getreent
 .text.__fixdfdi
                0x0000000000120e9c       0x38 c:/devkitpro/devkitarm/bin/../lib/gcc/arm-none-eabi/11.1.0/armv6k/fpu\libgcc.a(_fixdfdi.o)
                0x0000000000120e9c                __fixdfdi
                0x0000000000120e9c                __aeabi_d2lz
 *fill*         0x0000000000120ed4        0x4 
 .text.__fixunsdfdi
                0x0000000000120ed8       0x40 c:/devkitpro/devkitarm/bin/../lib/gcc/arm-none-eabi/11.1.0/armv6k/fpu\libgcc.a(_fixunsdfdi.o)
                0x0000000000120ed8                __fixunsdfdi
                0x0000000000120ed8                __aeabi_d2ulz
 .text.strrchr  0x0000000000120f18       0x44 c:/devkitpro/devkitarm/bin/../lib/gcc/arm-none-eabi/11.1.0/../../../../arm-none-eabi/lib/armv6k/fpu\libg.a(lib_a-strrchr.o)
                0x0000000000120f18                strrchr
 *(.glue_7)
 .glue_7        0x0000000000120f5c        0x0 linker stubs
 *(.glue_7t)
 .glue_7t       0x0000000000120f5c        0x0 linker stubs
 *(.stub)
 *(.gnu.warning)
 *(.gnu.linkonce.t*)
                0x0000000000120f5c                . = ALIGN (0x4)
 *(.fini)
 .fini          0x0000000000120f5c        0xc c:/devkitpro/devkitarm/bin/../lib/gcc/arm-none-eabi/11.1.0/armv6k/fpu/crti.o
                0x0000000000120f5c                _fini
 .fini          0x0000000000120f68        0xc c:/devkitpro/devkitarm/bin/../lib/gcc/arm-none-eabi/11.1.0/armv6k/fpu/crtn.o
                0x0000000000120f74                . = ALIGN (0x4)

.vfp11_veneer   0x0000000000120f74        0x0
 .vfp11_veneer  0x0000000000120f74        0x0 linker stubs

.v4_bx          0x0000000000120f74        0x0
 .v4_bx         0x0000000000120f74        0x0 linker stubs

.iplt           0x0000000000120f74        0x0
 .iplt          0x0000000000120f74        0x0 c:/devkitpro/devkitarm/bin/../lib/gcc/arm-none-eabi/11.1.0/../../../../arm-none-eabi/lib/armv6k/fpu/3dsx_crt0.o
                0x0000000000121000                . = ALIGN (0x1000)

.rodata         0x0000000000121000     0x7980
 *(.rodata)
 .rodata        0x0000000000121000        0x3 C:/devkitPro/libctru/lib\libctru.a(apt.o)
 *fill*         0x0000000000121003        0x1 
 .rodata        0x0000000000121004        0xc C:/devkitPro/libctru/lib\libctru.a(archive_dev.o)
 *(.roda)
 *(.rodata.*)
 .rodata.str1.4
                0x0000000000121010       0x6f main.o
 *fill*         0x000000000012107f        0x1 
 .rodata.con_write.str1.4
                0x0000000000121080       0x52 C:/devkitPro/libctru/lib\libctru.a(console.o)
 *fill*         0x00000000001210d2        0x2 
 .rodata.str1.4
                0x00000000001210d4       0x10 C:/devkitPro/libctru/lib\libctru.a(console.o)
 .rodata.colorTable
                0x00000000001210e4       0x30 C:/devkitPro/libctru/lib\libctru.a(console.o)
 .rodata.dotab_stdout
                0x0000000000121114       0x70 C:/devkitPro/libctru/lib\libctru.a(console.o)
 .rodata.gspInit.str1.4
                0x0000000000121184        0x9 C:/devkitPro/libctru/lib\libctru.a(gspgpu.o)
 *fill*         0x000000000012118d        0x3 
 .rodata.aptSendCommand.str1.4
                0x0000000000121190       0x16 C:/devkitPro/libctru/lib\libctru.a(apt.o)
 *fill*         0x00000000001211a6        0x2 
 .rodata.morton_x.3
                0x00000000001211a8        0x8 C:/devkitPro/libctru/lib\libctru.a(apt.o)
 .rodata.morton_y.2
                0x00000000001211b0        0x8 C:/devkitPro/libctru/lib\libctru.a(apt.o)
 .rodata.s_sleepWakeEvents.4
                0x00000000001211b8        0x8 C:/devkitPro/libctru/lib\libctru.a(apt.o)
 .rodata.hidInit.str1.4
                0x00000000001211c0       0x15 C:/devkitPro/libctru/lib\libctru.a(hid.o)
 *fill*         0x00000000001211d5        0x3 
 .rodata.default_font_bin
                0x00000000001211d8      0x800 C:/devkitPro/libctru/lib\libctru.a(default_font.bin.o)
                0x00000000001211d8                default_font_bin
                0x00000000001219d8                default_font_bin_end
 .rodata.srvInit.str1.4
                0x00000000001219d8        0x5 C:/devkitPro/libctru/lib\libctru.a(srv.o)
 *fill*         0x00000000001219dd        0x3 
 .rodata.irrstInit.str1.4
                0x00000000001219e0        0x7 C:/devkitPro/libctru/lib\libctru.a(irrst.o)
 *fill*         0x00000000001219e7        0x1 
 .rodata.ptmSysmInit.str1.4
                0x00000000001219e8        0x9 C:/devkitPro/libctru/lib\libctru.a(ptmsysm.o)
 *fill*         0x00000000001219f1        0x3 
 .rodata.str1.4
                0x00000000001219f4        0x8 C:/devkitPro/libctru/lib\libctru.a(archive_dev.o)
                                          0xc (size before relaxing)
 .rodata._archiveUnmountDeviceStruct.part.0.str1.4
                0x00000000001219fc        0x2 C:/devkitPro/libctru/lib\libctru.a(archive_dev.o)
 *fill*         0x00000000001219fe        0x2 
 .rodata._archiveMountDevice.str1.4
                0x0000000000121a00        0x8 C:/devkitPro/libctru/lib\libctru.a(archive_dev.o)
 .rodata.archiveMountSdmc.str1.4
                0x0000000000121a08        0x5 C:/devkitPro/libctru/lib\libctru.a(archive_dev.o)
 *fill*         0x0000000000121a0d        0x3 
 .rodata.archive_devoptab
                0x0000000000121a10       0x70 C:/devkitPro/libctru/lib\libctru.a(archive_dev.o)
 .rodata.error_table
                0x0000000000121a80       0x30 C:/devkitPro/libctru/lib\libctru.a(archive_dev.o)
 .rodata.fsInit.str1.4
                0x0000000000121ab0        0x8 C:/devkitPro/libctru/lib\libctru.a(fs.o)
 .rodata._global_impure_ptr
                0x0000000000121ab8        0x4 c:/devkitpro/devkitarm/bin/../lib/gcc/arm-none-eabi/11.1.0/../../../../arm-none-eabi/lib/armv6k/fpu\libg.a(lib_a-impure.o)
                0x0000000000121ab8                _global_impure_ptr
 .rodata.__ssvfscanf_r.str1.1
                0x0000000000121abc        0x5 c:/devkitpro/devkitarm/bin/../lib/gcc/arm-none-eabi/11.1.0/../../../../arm-none-eabi/lib/armv6k/fpu\libg.a(lib_a-svfscanf.o)
                                          0x6 (size before relaxing)
 *fill*         0x0000000000121ac1        0x3 
 .rodata.basefix.0
                0x0000000000121ac4       0x22 c:/devkitpro/devkitarm/bin/../lib/gcc/arm-none-eabi/11.1.0/../../../../arm-none-eabi/lib/armv6k/fpu\libg.a(lib_a-svfscanf.o)
 .rodata._vfiprintf_r.str1.1
                0x0000000000121ae6       0x29 c:/devkitpro/devkitarm/bin/../lib/gcc/arm-none-eabi/11.1.0/../../../../arm-none-eabi/lib/armv6k/fpu\libg.a(lib_a-vfiprintf.o)
 *fill*         0x0000000000121b0f        0x1 
 .rodata.blanks.1
                0x0000000000121b10       0x10 c:/devkitpro/devkitarm/bin/../lib/gcc/arm-none-eabi/11.1.0/../../../../arm-none-eabi/lib/armv6k/fpu\libg.a(lib_a-vfiprintf.o)
 .rodata.zeroes.0
                0x0000000000121b20       0x10 c:/devkitpro/devkitarm/bin/../lib/gcc/arm-none-eabi/11.1.0/../../../../arm-none-eabi/lib/armv6k/fpu\libg.a(lib_a-vfiprintf.o)
 .rodata._vfprintf_r.str1.1
                0x0000000000121b30       0x12 c:/devkitpro/devkitarm/bin/../lib/gcc/arm-none-eabi/11.1.0/../../../../arm-none-eabi/lib/armv6k/fpu\libg.a(lib_a-vfprintf.o)
                                         0x3b (size before relaxing)
 *fill*         0x0000000000121b42        0x2 
 .rodata.blanks.1
                0x0000000000121b44       0x10 c:/devkitpro/devkitarm/bin/../lib/gcc/arm-none-eabi/11.1.0/../../../../arm-none-eabi/lib/armv6k/fpu\libg.a(lib_a-vfprintf.o)
 .rodata.zeroes.0
                0x0000000000121b54       0x10 c:/devkitpro/devkitarm/bin/../lib/gcc/arm-none-eabi/11.1.0/../../../../arm-none-eabi/lib/armv6k/fpu\libg.a(lib_a-vfprintf.o)
 .rodata._ctype_
                0x0000000000121b64      0x101 c:/devkitpro/devkitarm/bin/../lib/gcc/arm-none-eabi/11.1.0/../../../../arm-none-eabi/lib/armv6k/fpu\libg.a(lib_a-ctype_.o)
                0x0000000000121b64                _ctype_
 *fill*         0x0000000000121c65        0x3 
 .rodata._dtoa_r.str1.4
                0x0000000000121c68       0x67 c:/devkitpro/devkitarm/bin/../lib/gcc/arm-none-eabi/11.1.0/../../../../arm-none-eabi/lib/armv6k/fpu\libg.a(lib_a-dtoa.o)
 *fill*         0x0000000000121ccf        0x1 
 .rodata.str1.4
                0x0000000000121cd0       0x48 c:/devkitpro/devkitarm/bin/../lib/gcc/arm-none-eabi/11.1.0/../../../../arm-none-eabi/lib/armv6k/fpu\libg.a(lib_a-locale.o)
                                         0x4c (size before relaxing)
 .rodata._mbrtowc_r.str1.4
                0x0000000000121d18        0x1 c:/devkitpro/devkitarm/bin/../lib/gcc/arm-none-eabi/11.1.0/../../../../arm-none-eabi/lib/armv6k/fpu\libg.a(lib_a-mbrtowc.o)
 .rodata.__multadd.str1.4
                0x0000000000121d18       0x40 c:/devkitpro/devkitarm/bin/../lib/gcc/arm-none-eabi/11.1.0/../../../../arm-none-eabi/lib/armv6k/fpu\libg.a(lib_a-mprec.o)
                                         0x54 (size before relaxing)
 .rodata.__mprec_bigtens
                0x0000000000121d58       0x28 c:/devkitpro/devkitarm/bin/../lib/gcc/arm-none-eabi/11.1.0/../../../../arm-none-eabi/lib/armv6k/fpu\libg.a(lib_a-mprec.o)
                0x0000000000121d58                __mprec_bigtens
 .rodata.__mprec_tens
                0x0000000000121d80       0xc8 c:/devkitpro/devkitarm/bin/../lib/gcc/arm-none-eabi/11.1.0/../../../../arm-none-eabi/lib/armv6k/fpu\libg.a(lib_a-mprec.o)
                0x0000000000121d80                __mprec_tens
 .rodata.p05.0  0x0000000000121e48        0xc c:/devkitpro/devkitarm/bin/../lib/gcc/arm-none-eabi/11.1.0/../../../../arm-none-eabi/lib/armv6k/fpu\libg.a(lib_a-mprec.o)
 .rodata._strtod_l.str1.4
                0x0000000000121e54        0xf c:/devkitpro/devkitarm/bin/../lib/gcc/arm-none-eabi/11.1.0/../../../../arm-none-eabi/lib/armv6k/fpu\libg.a(lib_a-strtod.o)
                                         0x11 (size before relaxing)
 *fill*         0x0000000000121e63        0x1 
 .rodata.fpi.1  0x0000000000121e64       0x14 c:/devkitpro/devkitarm/bin/../lib/gcc/arm-none-eabi/11.1.0/../../../../arm-none-eabi/lib/armv6k/fpu\libg.a(lib_a-strtod.o)
 .rodata.fpinan.0
                0x0000000000121e78       0x14 c:/devkitpro/devkitarm/bin/../lib/gcc/arm-none-eabi/11.1.0/../../../../arm-none-eabi/lib/armv6k/fpu\libg.a(lib_a-strtod.o)
 *fill*         0x0000000000121e8c        0x4 
 .rodata.tinytens
                0x0000000000121e90       0x28 c:/devkitpro/devkitarm/bin/../lib/gcc/arm-none-eabi/11.1.0/../../../../arm-none-eabi/lib/armv6k/fpu\libg.a(lib_a-strtod.o)
 .rodata.__action_table
                0x0000000000121eb8       0x6c c:/devkitpro/devkitarm/bin/../lib/gcc/arm-none-eabi/11.1.0/../../../../arm-none-eabi/lib/armv6k/fpu\libg.a(lib_a-svfiprintf.o)
                0x0000000000121eb8                __action_table
 .rodata.__chclass
                0x0000000000121f24      0x100 c:/devkitpro/devkitarm/bin/../lib/gcc/arm-none-eabi/11.1.0/../../../../arm-none-eabi/lib/armv6k/fpu\libg.a(lib_a-svfiprintf.o)
                0x0000000000121f24                __chclass
 .rodata.__state_table
                0x0000000000122024       0x6c c:/devkitpro/devkitarm/bin/../lib/gcc/arm-none-eabi/11.1.0/../../../../arm-none-eabi/lib/armv6k/fpu\libg.a(lib_a-svfiprintf.o)
                0x0000000000122024                __state_table
 .rodata._svfprintf_r.str1.1
                0x0000000000122090       0x3b c:/devkitpro/devkitarm/bin/../lib/gcc/arm-none-eabi/11.1.0/../../../../arm-none-eabi/lib/armv6k/fpu\libg.a(lib_a-svfprintf.o)
 .rodata.blanks.1
                0x0000000000122090       0x10 c:/devkitpro/devkitarm/bin/../lib/gcc/arm-none-eabi/11.1.0/../../../../arm-none-eabi/lib/armv6k/fpu\libg.a(lib_a-svfprintf.o)
 .rodata.zeroes.0
                0x00000000001220a0       0x10 c:/devkitpro/devkitarm/bin/../lib/gcc/arm-none-eabi/11.1.0/../../../../arm-none-eabi/lib/armv6k/fpu\libg.a(lib_a-svfprintf.o)
 .rodata.__assert_func.str1.4
                0x00000000001220b0       0x3f c:/devkitpro/devkitarm/bin/../lib/gcc/arm-none-eabi/11.1.0/../../../../arm-none-eabi/lib/armv6k/fpu\libg.a(lib_a-assert.o)
                                         0x43 (size before relaxing)
 *fill*         0x00000000001220ef        0x1 
 .rodata.__gethex.str1.4
                0x00000000001220f0       0x47 c:/devkitpro/devkitarm/bin/../lib/gcc/arm-none-eabi/11.1.0/../../../../arm-none-eabi/lib/armv6k/fpu\libg.a(lib_a-gdtoa-gethex.o)
                                         0x5b (size before relaxing)
 *fill*         0x0000000000122137        0x1 
 .rodata.__hexdig
                0x0000000000122138      0x100 c:/devkitpro/devkitarm/bin/../lib/gcc/arm-none-eabi/11.1.0/../../../../arm-none-eabi/lib/armv6k/fpu\libg.a(lib_a-gdtoa-gethex.o)
                0x0000000000122138                __hexdig
 .rodata._jp2uc_l.str1.4
                0x0000000000122238       0x12 c:/devkitpro/devkitarm/bin/../lib/gcc/arm-none-eabi/11.1.0/../../../../arm-none-eabi/lib/armv6k/fpu\libg.a(lib_a-jp2uc.o)
 *fill*         0x000000000012224a        0x2 
 .rodata.a1     0x000000000012224c       0xbc c:/devkitpro/devkitarm/bin/../lib/gcc/arm-none-eabi/11.1.0/../../../../arm-none-eabi/lib/armv6k/fpu\libg.a(lib_a-jp2uc.o)
 .rodata.a2     0x0000000000122308       0xbc c:/devkitpro/devkitarm/bin/../lib/gcc/arm-none-eabi/11.1.0/../../../../arm-none-eabi/lib/armv6k/fpu\libg.a(lib_a-jp2uc.o)
 .rodata.a3     0x00000000001223c4       0x5b c:/devkitpro/devkitarm/bin/../lib/gcc/arm-none-eabi/11.1.0/../../../../arm-none-eabi/lib/armv6k/fpu\libg.a(lib_a-jp2uc.o)
 *fill*         0x000000000012241f        0x1 
 .rodata.a6     0x0000000000122420       0x70 c:/devkitpro/devkitarm/bin/../lib/gcc/arm-none-eabi/11.1.0/../../../../arm-none-eabi/lib/armv6k/fpu\libg.a(lib_a-jp2uc.o)
 .rodata.a7     0x0000000000122490       0xa2 c:/devkitpro/devkitarm/bin/../lib/gcc/arm-none-eabi/11.1.0/../../../../arm-none-eabi/lib/armv6k/fpu\libg.a(lib_a-jp2uc.o)
 *fill*         0x0000000000122532        0x2 
 .rodata.a8     0x0000000000122534       0x40 c:/devkitpro/devkitarm/bin/../lib/gcc/arm-none-eabi/11.1.0/../../../../arm-none-eabi/lib/armv6k/fpu\libg.a(lib_a-jp2uc.o)
 .rodata.b02cf  0x0000000000122574     0x172a c:/devkitpro/devkitarm/bin/../lib/gcc/arm-none-eabi/11.1.0/../../../../arm-none-eabi/lib/armv6k/fpu\libg.a(lib_a-jp2uc.o)
 *fill*         0x0000000000123c9e        0x2 
 .rodata.d02f4  0x0000000000123ca0     0x1a7c c:/devkitpro/devkitarm/bin/../lib/gcc/arm-none-eabi/11.1.0/../../../../arm-none-eabi/lib/armv6k/fpu\libg.a(lib_a-jp2uc.o)
 .rodata.str1.4
                0x000000000012571c        0x5 c:/devkitpro/devkitarm/bin/../lib/gcc/arm-none-eabi/11.1.0/../../../../arm-none-eabi/lib/armv6k/fpu\libg.a(lib_a-lnumeric.o)
 .rodata._C_numeric_locale
                0x000000000012571c        0xc c:/devkitpro/devkitarm/bin/../lib/gcc/arm-none-eabi/11.1.0/../../../../arm-none-eabi/lib/armv6k/fpu\libg.a(lib_a-lnumeric.o)
                0x000000000012571c                _C_numeric_locale
 .rodata.categories
                0x0000000000125728     0x31e6 c:/devkitpro/devkitarm/bin/../lib/gcc/arm-none-eabi/11.1.0/../../../../arm-none-eabi/lib/armv6k/fpu\libg.a(lib_a-categories.o)
 .rodata.AddDevice.str1.4
                0x000000000012890e        0x8 c:/devkitpro/devkitarm/bin/../lib/gcc/arm-none-eabi/11.1.0/../../../../arm-none-eabi/lib/armv6k/fpu\libsysbase.a(iosupport.o)
 *fill*         0x000000000012890e        0x2 
 .rodata.dotab_stdnull
                0x0000000000128910       0x70 c:/devkitpro/devkitarm/bin/../lib/gcc/arm-none-eabi/11.1.0/../../../../arm-none-eabi/lib/armv6k/fpu\libsysbase.a(iosupport.o)
                0x0000000000128910                dotab_stdnull
 *all.rodata*(*)
 *(.gnu.linkonce.r*)
                0x0000000000128980                . = ALIGN (0x4)

.eh_frame       0x0000000000128980        0x0
 .eh_frame      0x0000000000128980        0x0 c:/devkitpro/devkitarm/bin/../lib/gcc/arm-none-eabi/11.1.0/armv6k/fpu/crtbegin.o

.rel.dyn        0x0000000000128980        0x0